Archive member included because of file (symbol)

/cygdrive/d/work_proj/soft/build/sl_app/app/lib/libapp_release.a(zz_main.o)
                              (SL_Entry)
/cygdrive/d/work_proj/soft/build/sl_app/app/lib/libapp_release.a(zz_net.o)
                              /cygdrive/d/work_proj/soft/build/sl_app/app/lib/libapp_release.a(zz_main.o) (zzNetPrintState)
/cygdrive/d/work_proj/soft/build/sl_app/app/lib/libapp_release.a(zz_stream.o)
                              /cygdrive/d/work_proj/soft/build/sl_app/app/lib/libapp_release.a(zz_main.o) (zzStreamInit)
/cygdrive/d/work_proj/soft/build/sl_app/app/lib/libapp_release.a(zz_timer.o)
                              /cygdrive/d/work_proj/soft/build/sl_app/app/lib/libapp_release.a(zz_main.o) (zzTimerTaskInit)
/cygdrive/d/work_proj/soft/build/sl_app/app/lib/libapp_release.a(zz_util.o)
                              /cygdrive/d/work_proj/soft/build/sl_app/app/lib/libapp_release.a(zz_timer.o) (zzPrintCurrentTaskPrio)
/cygdrive/d/work_proj/soft/build/sl_app/app/lib/libapp_release.a(zz_wsock.o)
                              /cygdrive/d/work_proj/soft/build/sl_app/app/lib/libapp_release.a(zz_main.o) (zzWsockInit)
/cygdrive/d/work_proj/soft/build/sl_app/app/lib/libapp_release.a(cJSON.o)
                              /cygdrive/d/work_proj/soft/build/sl_app/app/lib/libapp_release.a(zz_timer.o) (cJSON_PrintUnformatted)
/cygdrive/d/work_proj/soft/build/sl_app/app/lib/libapp_release.a(iotgo_factory.o)
                              /cygdrive/d/work_proj/soft/build/sl_app/app/lib/libapp_release.a(zz_main.o) (iotgoIsBootForFactory)
/cygdrive/d/work_proj/soft/build/sl_app/app/lib/libapp_release.a(iotgo_upgrade.o)
                              /cygdrive/d/work_proj/soft/build/sl_app/app/lib/libapp_release.a(zz_main.o) (iotgoUpgradeCreateUpgradeTask)
/cygdrive/d/work_proj/soft/build/sl_app/app/lib/libapp_release.a(sha256.o)
                              /cygdrive/d/work_proj/soft/build/sl_app/app/lib/libapp_release.a(iotgo_factory.o) (sha256_starts)
/cygdrive/d/work_proj/soft/build/sl_app/app/lib/libapp_release.a(sl_app.o)
                              /cygdrive/d/work_proj/soft/build/sl_app/app/lib/libapp_release.a(zz_main.o) (AA)
/cygdrive/d/work_proj/soft/build/sl_app/app/lib/libapp_release.a(zz_app_htask.o)
                              /cygdrive/d/work_proj/soft/build/sl_app/app/lib/libapp_release.a(zz_main.o) (iotgoSetDeviceMode)
/cygdrive/d/work_proj/soft/build/sl_app/app/lib/libapp_release.a(zz_app_ltask.o)
                              /cygdrive/d/work_proj/soft/build/sl_app/app/lib/libapp_release.a(zz_main.o) (zzAppLtaskInit)
/cygdrive/d/work_proj/soft/build/sl_app/app/lib/libapp_release.a(zz_app_mtask.o)
                              /cygdrive/d/work_proj/soft/build/sl_app/app/lib/libapp_release.a(iotgo_factory.o) (zzSetDeviceid)
/cygdrive/d/work_proj/soft/build/sl_app/app/lib/libapp_release.a(zz_at_cmd.o)
                              /cygdrive/d/work_proj/soft/build/sl_app/app/lib/libapp_release.a(iotgo_factory.o) (PrivAT_init)
/cygdrive/d/work_proj/soft/build/sl_app/app/lib/libapp_release.a(zz_data.o)
                              /cygdrive/d/work_proj/soft/build/sl_app/app/lib/libapp_release.a(zz_wsock.o) (zzData)
/cygdrive/d/work_proj/soft/build/sl_app/app/lib/libapp_release.a(zz_event.o)
                              /cygdrive/d/work_proj/soft/build/sl_app/app/lib/libapp_release.a(iotgo_upgrade.o) (zzEmitEvtP1)
/cygdrive/d/work_proj/soft/build/sl_app/app/lib/libapp_release.a(zz_http_req.o)
                              /cygdrive/d/work_proj/soft/build/sl_app/app/lib/libapp_release.a(zz_main.o) (zzHttpReqTaskInit)
/cygdrive/d/work_proj/soft/build/sl_app/app/lib/libapp_release.a(zz_key.o)
                              /cygdrive/d/work_proj/soft/build/sl_app/app/lib/libapp_release.a(zz_app_htask.o) (keyRegisterSingle)
/cygdrive/d/work_proj/soft/build/sl_app/app/lib/libapp_release.a(zz_lock.o)
                              /cygdrive/d/work_proj/soft/build/sl_app/app/lib/libapp_release.a(zz_stream.o) (zzCreateLock)
/cygdrive/d/work_proj/soft/build/sl_app/app/lib/libapp_release.a(zz_type.o)
                              /cygdrive/d/work_proj/soft/build/sl_app/app/lib/libapp_release.a(zz_http_req.o) (zzStringCopy)
/cygdrive/d/work_proj/soft/build/sl_app/app/lib/libapp_release.a(iotgo_sled.o)
                              /cygdrive/d/work_proj/soft/build/sl_app/app/lib/libapp_release.a(zz_app_htask.o) (iotgoSledInit)
/crosscompiler/bin/../lib/gcc/mips-elf/4.4.2/libgcc.a(_fixunsdfsi.o)
                              /cygdrive/d/work_proj/soft/build/sl_app/app/lib/libapp_release.a(zz_util.o) (__fixunsdfsi)
/crosscompiler/bin/../lib/gcc/mips-elf/4.4.2/libgcc.a(_mul_sf.o)
                              /cygdrive/d/work_proj/soft/build/sl_app/app/lib/libapp_release.a(zz_util.o) (__mulsf3)
/crosscompiler/bin/../lib/gcc/mips-elf/4.4.2/libgcc.a(_sf_to_df.o)
                              /cygdrive/d/work_proj/soft/build/sl_app/app/lib/libapp_release.a(zz_util.o) (__extendsfdf2)
[...]
Memory Configuration

Name             Origin             Length             Attributes
*default*        0x0000000000000000 0xffffffffffffffff

Linker script and memory map

LOAD /cygdrive/d/work_proj/soft/lib/mem_bridge_rom_CHIP.elf
                0xffffffff82500000                . = 0xffffffff82500000
                0xffffffff82500000                _ram_start = .
                0xffffffff82500000                _ram_functab_start = 0xffffffff82500000

.functab        0xffffffff82500000      0x540
 *(.functab)
 .functab       0xffffffff82500000      0x538 /cygdrive/d/work_proj/soft/build/sl_app/app/lib/libapp_release.a(sl_app.o)
                0xffffffff82500000                AA
                0xffffffff82500540                . = ALIGN (0x10)
 *fill*         0xffffffff82500538        0x8 00
                0xffffffff82500540                _ram_functab_end = .
                0x0000000000000540                _ram_functab_size = (_ram_functab_end - _ram_functab_start)
                0x0000000000000001                ASSERT ((0xffffffff82500800 > ABSOLUTE (_ram_functab_end)), Functab on External RAM overflow !)
                0xffffffff82500800                . = 0xffffffff82500800

.rotext         0xffffffff82500800      0x530
 *(.app_entry)
 .app_entry     0xffffffff82500800      0x52c /cygdrive/d/work_proj/soft/build/sl_app/app/lib/libapp_release.a(zz_main.o)
                0xffffffff82500801                SL_Entry
 *(.rotext)
                0xffffffff82500d30                . = ALIGN (0x10)
 *fill*         0xffffffff82500d2c        0x4 00
                0xffffffff82500d40                . = ALIGN (0x20)

.rodata         0xffffffff82500d40      0x140
 *(.rodata)
 .rodata        0xffffffff82500d40       0x10 /crosscompiler/bin/../lib/gcc/mips-elf/4.4.2/libgcc.a(_thenan_sf.o)
                0xffffffff82500d40                __thenan_sf
 .rodata        0xffffffff82500d50       0x18 /crosscompiler/bin/../lib/gcc/mips-elf/4.4.2/libgcc.a(_thenan_df.o)
                0xffffffff82500d50                __thenan_df
 .rodata        0xffffffff82500d68      0x100 /crosscompiler/bin/../lib/gcc/mips-elf/4.4.2/libgcc.a(_clz.o)
                0xffffffff82500d68                __clz_tab
                0xffffffff82500e80                . = ALIGN (0x20)
 *fill*         0xffffffff82500e68       0x18 00

.ram            0xffffffff82500e80        0x0
                0xffffffff82500e80                _ram_special_cached_start = .
                0xffffffff82500e80                _ram_txt_start = .
 *(.ram)
                0xffffffff82500e80                . = ALIGN (0x10)
                0xffffffff82500e80                _ram_special_cached_end = .
                0x0000000000000000                _ram_special_cached_size = (_ram_special_cached_end - _ram_special_cached_start)

.ramtext        0xffffffff82500e80     0xfbd0
                0xffffffff82500e80                _ram_cached_txt_start = .
 *(.text .text.* .stub .gnu.linkonce.t.*)
 .text.zzGprsAttachCb
                0xffffffff82500e80       0x50 /cygdrive/d/work_proj/soft/build/sl_app/app/lib/libapp_release.a(zz_main.o)
 .text.zzNetPrintIp
                0xffffffff82500ed0       0xac /cygdrive/d/work_proj/soft/build/sl_app/app/lib/libapp_release.a(zz_net.o)
                0xffffffff82500ed1                zzNetPrintIp
 .text.zzNetPrintState
                0xffffffff82500f7c       0xf8 /cygdrive/d/work_proj/soft/build/sl_app/app/lib/libapp_release.a(zz_net.o)
                0xffffffff82500f7d                zzNetPrintState
 .text.zzNetDeactive
                0xffffffff82501074       0x80 /cygdrive/d/work_proj/soft/build/sl_app/app/lib/libapp_release.a(zz_net.o)
                0xffffffff82501075                zzNetDeactive
 .text.zzNetActive
                0xffffffff825010f4       0x9c /cygdrive/d/work_proj/soft/build/sl_app/app/lib/libapp_release.a(zz_net.o)
                0xffffffff825010f5                zzNetActive
 .text.zzNetGprsIsActived
                0xffffffff82501190       0x78 /cygdrive/d/work_proj/soft/build/sl_app/app/lib/libapp_release.a(zz_net.o)
                0xffffffff82501191                zzNetGprsIsActived
 .text.zzNetGetRssi
                0xffffffff82501208       0x38 /cygdrive/d/work_proj/soft/build/sl_app/app/lib/libapp_release.a(zz_net.o)
                0xffffffff82501209                zzNetGetRssi
 .text.zzNetInit
                0xffffffff82501240       0xc4 /cygdrive/d/work_proj/soft/build/sl_app/app/lib/libapp_release.a(zz_net.o)
                0xffffffff82501241                zzNetInit
 .text.zzNetDeactiveCb
                0xffffffff82501304       0x5c /cygdrive/d/work_proj/soft/build/sl_app/app/lib/libapp_release.a(zz_net.o)
 .text.zzNetActiveCb
                0xffffffff82501360       0x64 /cygdrive/d/work_proj/soft/build/sl_app/app/lib/libapp_release.a(zz_net.o)
 .text.isStream
                0xffffffff825013c4        0x8 /cygdrive/d/work_proj/soft/build/sl_app/app/lib/libapp_release.a(zz_stream.o)
 .text.zzStreamGetState
                0xffffffff825013cc       0x30 /cygdrive/d/work_proj/soft/build/sl_app/app/lib/libapp_release.a(zz_stream.o)
                0xffffffff825013cd                zzStreamGetState
 .text.zzStreamWrite
                0xffffffff825013fc       0x48 /cygdrive/d/work_proj/soft/build/sl_app/app/lib/libapp_release.a(zz_stream.o)
                0xffffffff825013fd                zzStreamWrite
 .text.zzStreamRead
                0xffffffff82501444       0x48 /cygdrive/d/work_proj/soft/build/sl_app/app/lib/libapp_release.a(zz_stream.o)
                0xffffffff82501445                zzStreamRead
 .text.zzStreamInit
                0xffffffff8250148c       0x38 /cygdrive/d/work_proj/soft/build/sl_app/app/lib/libapp_release.a(zz_stream.o)
                0xffffffff8250148d                zzStreamInit
 .text.zzStreamReadCb
                0xffffffff825014c4       0x4c /cygdrive/d/work_proj/soft/build/sl_app/app/lib/libapp_release.a(zz_stream.o)
                0xffffffff825014c5                zzStreamReadCb
 .text.zzStreamWriteCb
                0xffffffff82501510       0x4c /cygdrive/d/work_proj/soft/build/sl_app/app/lib/libapp_release.a(zz_stream.o)
                0xffffffff82501511                zzStreamWriteCb
 .text.zzStreamCloseCb
                0xffffffff8250155c       0x58 /cygdrive/d/work_proj/soft/build/sl_app/app/lib/libapp_release.a(zz_stream.o)
                0xffffffff8250155d                zzStreamCloseCb
 .text.zzStreamOpenCb
                0xffffffff825015b4       0x50 /cygdrive/d/work_proj/soft/build/sl_app/app/lib/libapp_release.a(zz_stream.o)
                0xffffffff825015b5                zzStreamOpenCb
 .text.zzStreamClose
                0xffffffff82501604       0x60 /cygdrive/d/work_proj/soft/build/sl_app/app/lib/libapp_release.a(zz_stream.o)
                0xffffffff82501605                zzStreamClose
 .text.zzStreamOpen
                0xffffffff82501664       0x90 /cygdrive/d/work_proj/soft/build/sl_app/app/lib/libapp_release.a(zz_stream.o)
                0xffffffff82501665                zzStreamOpen
 .text.zzStreamClrCallback
                0xffffffff825016f4       0x64 /cygdrive/d/work_proj/soft/build/sl_app/app/lib/libapp_release.a(zz_stream.o)
                0xffffffff825016f5                zzStreamClrCallback
 .text.zzStreamSetCallback
                0xffffffff82501758       0x70 /cygdrive/d/work_proj/soft/build/sl_app/app/lib/libapp_release.a(zz_stream.o)
                0xffffffff82501759                zzStreamSetCallback
 .text.zzStreamRelease
                0xffffffff825017c8       0x68 /cygdrive/d/work_proj/soft/build/sl_app/app/lib/libapp_release.a(zz_stream.o)
                0xffffffff825017c9                zzStreamRelease
 .text.zzStreamCreate
                0xffffffff82501830       0x68 /cygdrive/d/work_proj/soft/build/sl_app/app/lib/libapp_release.a(zz_stream.o)
                0xffffffff82501831                zzStreamCreate
 .text.daysOfMonth
                0xffffffff82501898       0xac /cygdrive/d/work_proj/soft/build/sl_app/app/lib/libapp_release.a(zz_timer.o)
 .text.compareTimeToKnowDate
                0xffffffff82501944       0xe0 /cygdrive/d/work_proj/soft/build/sl_app/app/lib/libapp_release.a(zz_timer.o)
 .text.parseGMTTimeFromString
                0xffffffff82501a24      0x188 /cygdrive/d/work_proj/soft/build/sl_app/app/lib/libapp_release.a(zz_timer.o)
 .text.zzTimerTaskInit
                0xffffffff82501bac       0xa4 /cygdrive/d/work_proj/soft/build/sl_app/app/lib/libapp_release.a(zz_timer.o)
                0xffffffff82501bad                zzTimerTaskInit
 .text.timerTask
                0xffffffff82501c50      0x30c /cygdrive/d/work_proj/soft/build/sl_app/app/lib/libapp_release.a(zz_timer.o)
 .text.zzTimerProc
                0xffffffff82501f5c      0x60c /cygdrive/d/work_proj/soft/build/sl_app/app/lib/libapp_release.a(zz_timer.o)
                0xffffffff82501f5d                zzTimerProc
 .text.zzRand   0xffffffff82502568       0x4c /cygdrive/d/work_proj/soft/build/sl_app/app/lib/libapp_release.a(zz_util.o)
                0xffffffff82502569                zzRand
 .text.zzRintInit
                0xffffffff825025b4       0x54 /cygdrive/d/work_proj/soft/build/sl_app/app/lib/libapp_release.a(zz_util.o)
                0xffffffff825025b5                zzRintInit
 .text.zzRintVal
                0xffffffff82502608       0x98 /cygdrive/d/work_proj/soft/build/sl_app/app/lib/libapp_release.a(zz_util.o)
                0xffffffff82502609                zzRintVal
 .text.zzPintInit
                0xffffffff825026a0       0x58 /cygdrive/d/work_proj/soft/build/sl_app/app/lib/libapp_release.a(zz_util.o)
                0xffffffff825026a1                zzPintInit
 .text.zzPintReset
                0xffffffff825026f8       0x54 /cygdrive/d/work_proj/soft/build/sl_app/app/lib/libapp_release.a(zz_util.o)
                0xffffffff825026f9                zzPintReset
 .text.zzPower  0xffffffff8250274c       0x14 /cygdrive/d/work_proj/soft/build/sl_app/app/lib/libapp_release.a(zz_util.o)
                0xffffffff8250274d                zzPower
 .text.zzPintVal
                0xffffffff82502760       0x94 /cygdrive/d/work_proj/soft/build/sl_app/app/lib/libapp_release.a(zz_util.o)
                0xffffffff82502761                zzPintVal
 .text.zzPrintCurrentTaskPrio
                0xffffffff825027f4       0x4c /cygdrive/d/work_proj/soft/build/sl_app/app/lib/libapp_release.a(zz_util.o)
                0xffffffff825027f5                zzPrintCurrentTaskPrio
 .text.stopPingTimer
                0xffffffff82502840       0x20 /cygdrive/d/work_proj/soft/build/sl_app/app/lib/libapp_release.a(zz_wsock.o)
 .text.isFrame  0xffffffff82502860       0xa0 /cygdrive/d/work_proj/soft/build/sl_app/app/lib/libapp_release.a(zz_wsock.o)
 .text.zzWsockSetCallback
                0xffffffff82502900       0x64 /cygdrive/d/work_proj/soft/build/sl_app/app/lib/libapp_release.a(zz_wsock.o)
                0xffffffff82502901                zzWsockSetCallback
 .text.zzWsockSetRemote
                0xffffffff82502964       0x8c /cygdrive/d/work_proj/soft/build/sl_app/app/lib/libapp_release.a(zz_wsock.o)
                0xffffffff82502965                zzWsockSetRemote
 .text.zzWsockDisableHeartbeat
                0xffffffff825029f0       0x1c /cygdrive/d/work_proj/soft/build/sl_app/app/lib/libapp_release.a(zz_wsock.o)
                0xffffffff825029f1                zzWsockDisableHeartbeat
 .text.zzWsockRead
                0xffffffff82502a0c       0x18 /cygdrive/d/work_proj/soft/build/sl_app/app/lib/libapp_release.a(zz_wsock.o)
                0xffffffff82502a0d                zzWsockRead
 .text.zzWsockTaskInit
                0xffffffff82502a24       0x70 /cygdrive/d/work_proj/soft/build/sl_app/app/lib/libapp_release.a(zz_wsock.o)
                0xffffffff82502a25                zzWsockTaskInit
 .text.zzWsockInit
                0xffffffff82502a94      0x124 /cygdrive/d/work_proj/soft/build/sl_app/app/lib/libapp_release.a(zz_wsock.o)
                0xffffffff82502a95                zzWsockInit
 .text.restartPingTimer
                0xffffffff82502bb8       0x44 /cygdrive/d/work_proj/soft/build/sl_app/app/lib/libapp_release.a(zz_wsock.o)
 .text.zzWsockEnableHeartbeat
                0xffffffff82502bfc       0x1c /cygdrive/d/work_proj/soft/build/sl_app/app/lib/libapp_release.a(zz_wsock.o)
                0xffffffff82502bfd                zzWsockEnableHeartbeat
 .text.zzWsockSetHeartbeat
                0xffffffff82502c18       0x84 /cygdrive/d/work_proj/soft/build/sl_app/app/lib/libapp_release.a(zz_wsock.o)
                0xffffffff82502c19                zzWsockSetHeartbeat
 .text.zzWsockWrite
                0xffffffff82502c9c      0x2b4 /cygdrive/d/work_proj/soft/build/sl_app/app/lib/libapp_release.a(zz_wsock.o)
                0xffffffff82502c9d                zzWsockWrite
 .text.zzWsockTask
                0xffffffff82502f50      0x11c /cygdrive/d/work_proj/soft/build/sl_app/app/lib/libapp_release.a(zz_wsock.o)
 .text.zzWsockStop
                0xffffffff8250306c      0x10c /cygdrive/d/work_proj/soft/build/sl_app/app/lib/libapp_release.a(zz_wsock.o)
                0xffffffff8250306d                zzWsockStop
 .text.zzWsockProcessEvent
                0xffffffff82503178       0xe4 /cygdrive/d/work_proj/soft/build/sl_app/app/lib/libapp_release.a(zz_wsock.o)
 .text.zzWsockStreamReadCb
                0xffffffff8250325c      0x4ec /cygdrive/d/work_proj/soft/build/sl_app/app/lib/libapp_release.a(zz_wsock.o)
 .text.zzWsockStreamWriteCb
                0xffffffff82503748       0x90 /cygdrive/d/work_proj/soft/build/sl_app/app/lib/libapp_release.a(zz_wsock.o)
 .text.zzWsockStreamCloseCb
                0xffffffff825037d8       0x84 /cygdrive/d/work_proj/soft/build/sl_app/app/lib/libapp_release.a(zz_wsock.o)
 .text.zzWsockStreamOpenCb
                0xffffffff8250385c      0x15c /cygdrive/d/work_proj/soft/build/sl_app/app/lib/libapp_release.a(zz_wsock.o)
 .text.zzWsockStart
                0xffffffff825039b8       0x80 /cygdrive/d/work_proj/soft/build/sl_app/app/lib/libapp_release.a(zz_wsock.o)
                0xffffffff825039b9                zzWsockStart
 .text.zzWsockWriteText
                0xffffffff82503a38       0x98 /cygdrive/d/work_proj/soft/build/sl_app/app/lib/libapp_release.a(zz_wsock.o)
                0xffffffff82503a39                zzWsockWriteText
 .text.mytolower
                0xffffffff82503ad0       0x10 /cygdrive/d/work_proj/soft/build/sl_app/app/lib/libapp_release.a(cJSON.o)
 .text.cJSON_strcasecmp
                0xffffffff82503ae0       0x5c /cygdrive/d/work_proj/soft/build/sl_app/app/lib/libapp_release.a(cJSON.o)
 .text.cJSON_strdup
                0xffffffff82503b3c       0x48 /cygdrive/d/work_proj/soft/build/sl_app/app/lib/libapp_release.a(cJSON.o)
 .text.cJSON_New_Item
                0xffffffff82503b84       0x34 /cygdrive/d/work_proj/soft/build/sl_app/app/lib/libapp_release.a(cJSON.o)
 .text.cJSON_Delete
                0xffffffff82503bb8       0x64 /cygdrive/d/work_proj/soft/build/sl_app/app/lib/libapp_release.a(cJSON.o)
                0xffffffff82503bb9                cJSON_Delete
 .text.parse_hex4
                0xffffffff82503c1c       0xd0 /cygdrive/d/work_proj/soft/build/sl_app/app/lib/libapp_release.a(cJSON.o)
 .text.parse_string
                0xffffffff82503cec      0x1b0 /cygdrive/d/work_proj/soft/build/sl_app/app/lib/libapp_release.a(cJSON.o)
 .text.print_string_ptr
                0xffffffff82503e9c       0xf4 /cygdrive/d/work_proj/soft/build/sl_app/app/lib/libapp_release.a(cJSON.o)
 .text.skip     0xffffffff82503f90       0x18 /cygdrive/d/work_proj/soft/build/sl_app/app/lib/libapp_release.a(cJSON.o)
 .text.print_value
                0xffffffff82503fa8      0x4c4 /cygdrive/d/work_proj/soft/build/sl_app/app/lib/libapp_release.a(cJSON.o)
 .text.cJSON_PrintUnformatted
                0xffffffff8250446c       0x14 /cygdrive/d/work_proj/soft/build/sl_app/app/lib/libapp_release.a(cJSON.o)
                0xffffffff8250446d                cJSON_PrintUnformatted
 .text.cJSON_Print
                0xffffffff82504480       0x14 /cygdrive/d/work_proj/soft/build/sl_app/app/lib/libapp_release.a(cJSON.o)
                0xffffffff82504481                cJSON_Print
 .text.cJSON_GetArraySize
                0xffffffff82504494       0x10 /cygdrive/d/work_proj/soft/build/sl_app/app/lib/libapp_release.a(cJSON.o)
                0xffffffff82504495                cJSON_GetArraySize
 .text.cJSON_GetArrayItem
                0xffffffff825044a4       0x14 /cygdrive/d/work_proj/soft/build/sl_app/app/lib/libapp_release.a(cJSON.o)
                0xffffffff825044a5                cJSON_GetArrayItem
 .text.cJSON_GetObjectItem
                0xffffffff825044b8       0x28 /cygdrive/d/work_proj/soft/build/sl_app/app/lib/libapp_release.a(cJSON.o)
                0xffffffff825044b9                cJSON_GetObjectItem
 .text.suffix_object
                0xffffffff825044e0        0x8 /cygdrive/d/work_proj/soft/build/sl_app/app/lib/libapp_release.a(cJSON.o)
 .text.cJSON_AddItemToArray
                0xffffffff825044e8       0x20 /cygdrive/d/work_proj/soft/build/sl_app/app/lib/libapp_release.a(cJSON.o)
                0xffffffff825044e9                cJSON_AddItemToArray
 .text.cJSON_AddItemToObject
                0xffffffff82504508       0x40 /cygdrive/d/work_proj/soft/build/sl_app/app/lib/libapp_release.a(cJSON.o)
                0xffffffff82504509                cJSON_AddItemToObject
 .text.cJSON_CreateNumber
                0xffffffff82504548       0x30 /cygdrive/d/work_proj/soft/build/sl_app/app/lib/libapp_release.a(cJSON.o)
                0xffffffff82504549                cJSON_CreateNumber
 .text.cJSON_CreateString
                0xffffffff82504578       0x28 /cygdrive/d/work_proj/soft/build/sl_app/app/lib/libapp_release.a(cJSON.o)
                0xffffffff82504579                cJSON_CreateString
 .text.cJSON_CreateArray
                0xffffffff825045a0       0x18 /cygdrive/d/work_proj/soft/build/sl_app/app/lib/libapp_release.a(cJSON.o)
                0xffffffff825045a1                cJSON_CreateArray
 .text.cJSON_CreateObject
                0xffffffff825045b8       0x18 /cygdrive/d/work_proj/soft/build/sl_app/app/lib/libapp_release.a(cJSON.o)
                0xffffffff825045b9                cJSON_CreateObject
 .text.parse_number
                0xffffffff825045d0      0x1e8 /cygdrive/d/work_proj/soft/build/sl_app/app/lib/libapp_release.a(cJSON.o)
                0xffffffff825045d1                parse_number
 .text.parse_value
                0xffffffff825047b8      0x1f0 /cygdrive/d/work_proj/soft/build/sl_app/app/lib/libapp_release.a(cJSON.o)
 .text.cJSON_ParseWithOpts
                0xffffffff825049a8       0x6c /cygdrive/d/work_proj/soft/build/sl_app/app/lib/libapp_release.a(cJSON.o)
                0xffffffff825049a9                cJSON_ParseWithOpts
 .text.cJSON_Parse
                0xffffffff82504a14       0x14 /cygdrive/d/work_proj/soft/build/sl_app/app/lib/libapp_release.a(cJSON.o)
                0xffffffff82504a15                cJSON_Parse
 .text.setFactIODirOut
                0xffffffff82504a28       0x68 /cygdrive/d/work_proj/soft/build/sl_app/app/lib/libapp_release.a(iotgo_factory.o)
                0xffffffff82504a29                setFactIODirOut
 .text.setFactIOHigh
                0xffffffff82504a90       0x68 /cygdrive/d/work_proj/soft/build/sl_app/app/lib/libapp_release.a(iotgo_factory.o)
                0xffffffff82504a91                setFactIOHigh
 .text.setFactIOLow
                0xffffffff82504af8       0x68 /cygdrive/d/work_proj/soft/build/sl_app/app/lib/libapp_release.a(iotgo_factory.o)
                0xffffffff82504af9                setFactIOLow
 .text.atcmd_at_exe
                0xffffffff82504b60       0x20 /cygdrive/d/work_proj/soft/build/sl_app/app/lib/libapp_release.a(iotgo_factory.o)
                0xffffffff82504b61                atcmd_at_exe
 .text.atcmd_start_exe
                0xffffffff82504b80       0x4c /cygdrive/d/work_proj/soft/build/sl_app/app/lib/libapp_release.a(iotgo_factory.o)
                0xffffffff82504b81                atcmd_start_exe
 .text.atcmd_gpiohigh_exe
                0xffffffff82504bcc       0x48 /cygdrive/d/work_proj/soft/build/sl_app/app/lib/libapp_release.a(iotgo_factory.o)
                0xffffffff82504bcd                atcmd_gpiohigh_exe
 .text.atcmd_gpiolow_exe
                0xffffffff82504c14       0x48 /cygdrive/d/work_proj/soft/build/sl_app/app/lib/libapp_release.a(iotgo_factory.o)
                0xffffffff82504c15                atcmd_gpiolow_exe
 .text.atcmd_end_exe
                0xffffffff82504c5c       0x64 /cygdrive/d/work_proj/soft/build/sl_app/app/lib/libapp_release.a(iotgo_factory.o)
                0xffffffff82504c5d                atcmd_end_exe
 .text.uart1_rx_available
                0xffffffff82504cc0       0x28 /cygdrive/d/work_proj/soft/build/sl_app/app/lib/libapp_release.a(iotgo_factory.o)
 .text.uart1_rx_flush
                0xffffffff82504ce8       0x14 /cygdrive/d/work_proj/soft/build/sl_app/app/lib/libapp_release.a(iotgo_factory.o)
 .text.uart1_rx_read
                0xffffffff82504cfc       0x34 /cygdrive/d/work_proj/soft/build/sl_app/app/lib/libapp_release.a(iotgo_factory.o)
 .text.iotgoEmitEvent
                0xffffffff82504d30       0x40 /cygdrive/d/work_proj/soft/build/sl_app/app/lib/libapp_release.a(iotgo_factory.o)
 .text.iotgoFactoryDeleteDeviceIdInfoFile
                0xffffffff82504d70       0x48 /cygdrive/d/work_proj/soft/build/sl_app/app/lib/libapp_release.a(iotgo_factory.o)
                0xffffffff82504d71                iotgoFactoryDeleteDeviceIdInfoFile
 .text.turnOffSled
                0xffffffff82504db8       0x1c /cygdrive/d/work_proj/soft/build/sl_app/app/lib/libapp_release.a(iotgo_factory.o)
 .text.taskSled
                0xffffffff82504dd4       0x80 /cygdrive/d/work_proj/soft/build/sl_app/app/lib/libapp_release.a(iotgo_factory.o)
 .text.iotgoIsBootForFactory
                0xffffffff82504e54       0x50 /cygdrive/d/work_proj/soft/build/sl_app/app/lib/libapp_release.a(iotgo_factory.o)
                0xffffffff82504e55                iotgoIsBootForFactory
 .text.iotgoFactoryMainLoop
                0xffffffff82504ea4       0xf4 /cygdrive/d/work_proj/soft/build/sl_app/app/lib/libapp_release.a(iotgo_factory.o)
                0xffffffff82504ea5                iotgoFactoryMainLoop
 .text.taskUart
                0xffffffff82504f98      0x620 /cygdrive/d/work_proj/soft/build/sl_app/app/lib/libapp_release.a(iotgo_factory.o)
 .text.iotgoFactoryVerifyDeviceIdInfo
                0xffffffff825055b8      0x134 /cygdrive/d/work_proj/soft/build/sl_app/app/lib/libapp_release.a(iotgo_factory.o)
                0xffffffff825055b9                iotgoFactoryVerifyDeviceIdInfo
 .text.atcmd_rssi_exe
                0xffffffff825056ec       0xa4 /cygdrive/d/work_proj/soft/build/sl_app/app/lib/libapp_release.a(iotgo_factory.o)
                0xffffffff825056ed                atcmd_rssi_exe
 .text.storeContentToBinBuffer
                0xffffffff82505790       0xf4 /cygdrive/d/work_proj/soft/build/sl_app/app/lib/libapp_release.a(iotgo_upgrade.o)
 .text.iotgoUpgradeCreateUpgradeTask
                0xffffffff82505884       0x64 /cygdrive/d/work_proj/soft/build/sl_app/app/lib/libapp_release.a(iotgo_upgrade.o)
                0xffffffff82505885                iotgoUpgradeCreateUpgradeTask
 .text.finish   0xffffffff825058e8       0x20 /cygdrive/d/work_proj/soft/build/sl_app/app/lib/libapp_release.a(iotgo_upgrade.o)
 .text.upgradeTask
                0xffffffff82505908      0x4b8 /cygdrive/d/work_proj/soft/build/sl_app/app/lib/libapp_release.a(iotgo_upgrade.o)
 .text.zzUpgradeHttpReqEventCb
                0xffffffff82505dc0      0x408 /cygdrive/d/work_proj/soft/build/sl_app/app/lib/libapp_release.a(iotgo_upgrade.o)
 .text.iotgoUpgradeParseUpgrade
                0xffffffff825061c8      0x3a4 /cygdrive/d/work_proj/soft/build/sl_app/app/lib/libapp_release.a(iotgo_upgrade.o)
                0xffffffff825061c9                iotgoUpgradeParseUpgrade
 .text.sha256_starts
                0xffffffff8250656c       0x48 /cygdrive/d/work_proj/soft/build/sl_app/app/lib/libapp_release.a(sha256.o)
                0xffffffff8250656d                sha256_starts
 .text.sha256_process
                0xffffffff825065b4     0x35c4 /cygdrive/d/work_proj/soft/build/sl_app/app/lib/libapp_release.a(sha256.o)
                0xffffffff825065b5                sha256_process
 .text.sha256_update
                0xffffffff82509b78       0xb0 /cygdrive/d/work_proj/soft/build/sl_app/app/lib/libapp_release.a(sha256.o)
                0xffffffff82509b79                sha256_update
 .text.sha256_finish
                0xffffffff82509c28      0x100 /cygdrive/d/work_proj/soft/build/sl_app/app/lib/libapp_release.a(sha256.o)
                0xffffffff82509c29                sha256_finish
 .text.zzRelayIsOn
                0xffffffff82509d28        0xc /cygdrive/d/work_proj/soft/build/sl_app/app/lib/libapp_release.a(zz_app_htask.o)
                0xffffffff82509d29                zzRelayIsOn
 .text.zzRelayGetDef
                0xffffffff82509d34       0x28 /cygdrive/d/work_proj/soft/build/sl_app/app/lib/libapp_release.a(zz_app_htask.o)
                0xffffffff82509d35                zzRelayGetDef
 .text.iotgoGetDeviceState
                0xffffffff82509d5c        0xc /cygdrive/d/work_proj/soft/build/sl_app/app/lib/libapp_release.a(zz_app_htask.o)
                0xffffffff82509d5d                iotgoGetDeviceState
 .text.iotgoSetDeviceMode
                0xffffffff82509d68        0xc /cygdrive/d/work_proj/soft/build/sl_app/app/lib/libapp_release.a(zz_app_htask.o)
                0xffffffff82509d69                iotgoSetDeviceMode
 .text.readKeyState
                0xffffffff82509d74       0x20 /cygdrive/d/work_proj/soft/build/sl_app/app/lib/libapp_release.a(zz_app_htask.o)
 .text.zzDeviceIsEnabled
                0xffffffff82509d94       0x80 /cygdrive/d/work_proj/soft/build/sl_app/app/lib/libapp_release.a(zz_app_htask.o)
                0xffffffff82509d95                zzDeviceIsEnabled
 .text.zzDeviceDisable
                0xffffffff82509e14       0x80 /cygdrive/d/work_proj/soft/build/sl_app/app/lib/libapp_release.a(zz_app_htask.o)
                0xffffffff82509e15                zzDeviceDisable
 .text.zzAppHtaskInit
                0xffffffff82509e94       0x70 /cygdrive/d/work_proj/soft/build/sl_app/app/lib/libapp_release.a(zz_app_htask.o)
                0xffffffff82509e95                zzAppHtaskInit
 .text.zzRelaySave
                0xffffffff82509f04      0x18c /cygdrive/d/work_proj/soft/build/sl_app/app/lib/libapp_release.a(zz_app_htask.o)
 .text.zzRelayOn
                0xffffffff8250a090       0x2c /cygdrive/d/work_proj/soft/build/sl_app/app/lib/libapp_release.a(zz_app_htask.o)
 .text.zzRelayOff
                0xffffffff8250a0bc       0x2c /cygdrive/d/work_proj/soft/build/sl_app/app/lib/libapp_release.a(zz_app_htask.o)
 .text.zzAppHtask
                0xffffffff8250a0e8      0x4d0 /cygdrive/d/work_proj/soft/build/sl_app/app/lib/libapp_release.a(zz_app_htask.o)
 .text.zzRelaySetDef
                0xffffffff8250a5b8       0x90 /cygdrive/d/work_proj/soft/build/sl_app/app/lib/libapp_release.a(zz_app_htask.o)
                0xffffffff8250a5b9                zzRelaySetDef
 .text.pressLongKeyCb
                0xffffffff8250a648       0x30 /cygdrive/d/work_proj/soft/build/sl_app/app/lib/libapp_release.a(zz_app_htask.o)
 .text.releaseKeyCb
                0xffffffff8250a678       0x3c /cygdrive/d/work_proj/soft/build/sl_app/app/lib/libapp_release.a(zz_app_htask.o)
 .text.zzRelayExecuteTimer
                0xffffffff8250a6b4       0xdc /cygdrive/d/work_proj/soft/build/sl_app/app/lib/libapp_release.a(zz_app_htask.o)
                0xffffffff8250a6b5                zzRelayExecuteTimer
 .text.zzAppLtaskInit
                0xffffffff8250a790       0x6c /cygdrive/d/work_proj/soft/build/sl_app/app/lib/libapp_release.a(zz_app_ltask.o)
                0xffffffff8250a791                zzAppLtaskInit
 .text.zzAppLtask
                0xffffffff8250a7fc       0xcc /cygdrive/d/work_proj/soft/build/sl_app/app/lib/libapp_release.a(zz_app_ltask.o)
 .text.zzSetDeviceid
                0xffffffff8250a8c8       0x20 /cygdrive/d/work_proj/soft/build/sl_app/app/lib/libapp_release.a(zz_app_mtask.o)
                0xffffffff8250a8c9                zzSetDeviceid
 .text.zzGetDeviceid
                0xffffffff8250a8e8        0xc /cygdrive/d/work_proj/soft/build/sl_app/app/lib/libapp_release.a(zz_app_mtask.o)
                0xffffffff8250a8e9                zzGetDeviceid
 .text.zzGetApikey
                0xffffffff8250a8f4        0xc /cygdrive/d/work_proj/soft/build/sl_app/app/lib/libapp_release.a(zz_app_mtask.o)
                0xffffffff8250a8f5                zzGetApikey
 .text.zzGetModel
                0xffffffff8250a900        0xc /cygdrive/d/work_proj/soft/build/sl_app/app/lib/libapp_release.a(zz_app_mtask.o)
                0xffffffff8250a901                zzGetModel
 .text.zzSetApikey
                0xffffffff8250a90c       0x20 /cygdrive/d/work_proj/soft/build/sl_app/app/lib/libapp_release.a(zz_app_mtask.o)
                0xffffffff8250a90d                zzSetApikey
 .text.zzSetModel
                0xffffffff8250a92c       0x20 /cygdrive/d/work_proj/soft/build/sl_app/app/lib/libapp_release.a(zz_app_mtask.o)
                0xffffffff8250a92d                zzSetModel
 .text.zzAppMtaskInit
                0xffffffff8250a94c       0x9c /cygdrive/d/work_proj/soft/build/sl_app/app/lib/libapp_release.a(zz_app_mtask.o)
                0xffffffff8250a94d                zzAppMtaskInit
 .text.zzDsHttpReqEventCb
                0xffffffff8250a9e8      0x358 /cygdrive/d/work_proj/soft/build/sl_app/app/lib/libapp_release.a(zz_app_mtask.o)
 .text.stopRetryDsReqTimer
                0xffffffff8250ad40       0x2c /cygdrive/d/work_proj/soft/build/sl_app/app/lib/libapp_release.a(zz_app_mtask.o)
 .text.stopRetryWsockTimer
                0xffffffff8250ad6c       0x2c /cygdrive/d/work_proj/soft/build/sl_app/app/lib/libapp_release.a(zz_app_mtask.o)
 .text.stopRetryLoginTimer
                0xffffffff8250ad98       0x2c /cygdrive/d/work_proj/soft/build/sl_app/app/lib/libapp_release.a(zz_app_mtask.o)
 .text.returnErrorCode2Ps
                0xffffffff8250adc4      0x144 /cygdrive/d/work_proj/soft/build/sl_app/app/lib/libapp_release.a(zz_app_mtask.o)
                0xffffffff8250adc5                returnErrorCode2Ps
 .text.getTimerListFromPs
                0xffffffff8250af08      0x130 /cygdrive/d/work_proj/soft/build/sl_app/app/lib/libapp_release.a(zz_app_mtask.o)
 .text.zzAppMtask
                0xffffffff8250b038      0xd28 /cygdrive/d/work_proj/soft/build/sl_app/app/lib/libapp_release.a(zz_app_mtask.o)
 .text.procResponseOfQueryTimerList
                0xffffffff8250bd60      0x138 /cygdrive/d/work_proj/soft/build/sl_app/app/lib/libapp_release.a(zz_app_mtask.o)
 .text.procRequestOfUpdate
                0xffffffff8250be98      0x1bc /cygdrive/d/work_proj/soft/build/sl_app/app/lib/libapp_release.a(zz_app_mtask.o)
 .text.zzPsWsockEventCb
                0xffffffff8250c054      0x928 /cygdrive/d/work_proj/soft/build/sl_app/app/lib/libapp_release.a(zz_app_mtask.o)
 .text.Get_Fifo_Usedblock
                0xffffffff8250c97c       0x24 /cygdrive/d/work_proj/soft/build/sl_app/app/lib/libapp_release.a(zz_at_cmd.o)
 .text.PrivAT_init
                0xffffffff8250c9a0       0x28 /cygdrive/d/work_proj/soft/build/sl_app/app/lib/libapp_release.a(zz_at_cmd.o)
                0xffffffff8250c9a1                PrivAT_init
 .text.FIFO_Buf_Clr
                0xffffffff8250c9c8       0x14 /cygdrive/d/work_proj/soft/build/sl_app/app/lib/libapp_release.a(zz_at_cmd.o)
                0xffffffff8250c9c9                FIFO_Buf_Clr
 .text.AddDataToFifo
                0xffffffff8250c9dc       0x88 /cygdrive/d/work_proj/soft/build/sl_app/app/lib/libapp_release.a(zz_at_cmd.o)
                0xffffffff8250c9dd                AddDataToFifo
 .text.FindInCmdLib
                0xffffffff8250ca64       0xbc /cygdrive/d/work_proj/soft/build/sl_app/app/lib/libapp_release.a(zz_at_cmd.o)
                0xffffffff8250ca65                FindInCmdLib
 .text.AtAnalysis
                0xffffffff8250cb20       0xc4 /cygdrive/d/work_proj/soft/build/sl_app/app/lib/libapp_release.a(zz_at_cmd.o)
                0xffffffff8250cb21                AtAnalysis
 .text.RecvDataDeal
                0xffffffff8250cbe4      0x130 /cygdrive/d/work_proj/soft/build/sl_app/app/lib/libapp_release.a(zz_at_cmd.o)
                0xffffffff8250cbe5                RecvDataDeal
 .text.zzData   0xffffffff8250cd14       0xc4 /cygdrive/d/work_proj/soft/build/sl_app/app/lib/libapp_release.a(zz_data.o)
                0xffffffff8250cd15                zzData
 .text.zzDataCreate
                0xffffffff8250cdd8       0xbc /cygdrive/d/work_proj/soft/build/sl_app/app/lib/libapp_release.a(zz_data.o)
                0xffffffff8250cdd9                zzDataCreate
 .text.zzDataCopy
                0xffffffff8250ce94       0xc8 /cygdrive/d/work_proj/soft/build/sl_app/app/lib/libapp_release.a(zz_data.o)
                0xffffffff8250ce95                zzDataCopy
 .text.zzDataMerge
                0xffffffff8250cf5c       0xf4 /cygdrive/d/work_proj/soft/build/sl_app/app/lib/libapp_release.a(zz_data.o)
                0xffffffff8250cf5d                zzDataMerge
 .text.zzDataSub
                0xffffffff8250d050       0xdc /cygdrive/d/work_proj/soft/build/sl_app/app/lib/libapp_release.a(zz_data.o)
                0xffffffff8250d051                zzDataSub
 .text.zzDataFree
                0xffffffff8250d12c       0xa0 /cygdrive/d/work_proj/soft/build/sl_app/app/lib/libapp_release.a(zz_data.o)
                0xffffffff8250d12d                zzDataFree
 .text.zzEmitEvtP3
                0xffffffff8250d1cc       0x64 /cygdrive/d/work_proj/soft/build/sl_app/app/lib/libapp_release.a(zz_event.o)
                0xffffffff8250d1cd                zzEmitEvtP3
 .text.zzEmitEvtP1
                0xffffffff8250d230       0x14 /cygdrive/d/work_proj/soft/build/sl_app/app/lib/libapp_release.a(zz_event.o)
                0xffffffff8250d231                zzEmitEvtP1
 .text.zzEmitEvt
                0xffffffff8250d244       0x18 /cygdrive/d/work_proj/soft/build/sl_app/app/lib/libapp_release.a(zz_event.o)
                0xffffffff8250d245                zzEmitEvt
 .text.zzEmitEvt2Main
                0xffffffff8250d25c       0x30 /cygdrive/d/work_proj/soft/build/sl_app/app/lib/libapp_release.a(zz_event.o)
                0xffffffff8250d25d                zzEmitEvt2Main
 .text.getRequest
                0xffffffff8250d28c       0x60 /cygdrive/d/work_proj/soft/build/sl_app/app/lib/libapp_release.a(zz_http_req.o)
 .text.getHandle
                0xffffffff8250d2ec        0x4 /cygdrive/d/work_proj/soft/build/sl_app/app/lib/libapp_release.a(zz_http_req.o)
 .text.parseStatusCode
                0xffffffff8250d2f0       0x88 /cygdrive/d/work_proj/soft/build/sl_app/app/lib/libapp_release.a(zz_http_req.o)
 .text.parseContentLength
                0xffffffff8250d378      0x104 /cygdrive/d/work_proj/soft/build/sl_app/app/lib/libapp_release.a(zz_http_req.o)
 .text.zzHttpReqTaskInit
                0xffffffff8250d47c       0x84 /cygdrive/d/work_proj/soft/build/sl_app/app/lib/libapp_release.a(zz_http_req.o)
                0xffffffff8250d47d                zzHttpReqTaskInit
 .text.zzHttpReqSetTimeout
                0xffffffff8250d500       0x88 /cygdrive/d/work_proj/soft/build/sl_app/app/lib/libapp_release.a(zz_http_req.o)
                0xffffffff8250d501                zzHttpReqSetTimeout
 .text.zzHttpReqSetPort
                0xffffffff8250d588       0x90 /cygdrive/d/work_proj/soft/build/sl_app/app/lib/libapp_release.a(zz_http_req.o)
                0xffffffff8250d589                zzHttpReqSetPort
 .text.zzHttpReqSetCallback
                0xffffffff8250d618       0x88 /cygdrive/d/work_proj/soft/build/sl_app/app/lib/libapp_release.a(zz_http_req.o)
                0xffffffff8250d619                zzHttpReqSetCallback
 .text.zzHttpResGetBody
                0xffffffff8250d6a0       0x9c /cygdrive/d/work_proj/soft/build/sl_app/app/lib/libapp_release.a(zz_http_req.o)
                0xffffffff8250d6a1                zzHttpResGetBody
 .text.zzHttpResGetHead
                0xffffffff8250d73c       0x98 /cygdrive/d/work_proj/soft/build/sl_app/app/lib/libapp_release.a(zz_http_req.o)
                0xffffffff8250d73d                zzHttpResGetHead
 .text.zzHttpResGetContentLength
                0xffffffff8250d7d4       0x80 /cygdrive/d/work_proj/soft/build/sl_app/app/lib/libapp_release.a(zz_http_req.o)
                0xffffffff8250d7d5                zzHttpResGetContentLength
 .text.zzHttpResGetStatus
                0xffffffff8250d854       0x80 /cygdrive/d/work_proj/soft/build/sl_app/app/lib/libapp_release.a(zz_http_req.o)
                0xffffffff8250d855                zzHttpResGetStatus
 .text.zzHttpReqCreate
                0xffffffff8250d8d4      0x1e4 /cygdrive/d/work_proj/soft/build/sl_app/app/lib/libapp_release.a(zz_http_req.o)
                0xffffffff8250d8d5                zzHttpReqCreate
 .text.zzHttpReqSetBody
                0xffffffff8250dab8       0xb8 /cygdrive/d/work_proj/soft/build/sl_app/app/lib/libapp_release.a(zz_http_req.o)
                0xffffffff8250dab9                zzHttpReqSetBody
 .text.zzHttpReqSetHeader
                0xffffffff8250db70       0xe0 /cygdrive/d/work_proj/soft/build/sl_app/app/lib/libapp_release.a(zz_http_req.o)
                0xffffffff8250db71                zzHttpReqSetHeader
 .text.zzHttpReqSetArg
                0xffffffff8250dc50       0xdc /cygdrive/d/work_proj/soft/build/sl_app/app/lib/libapp_release.a(zz_http_req.o)
                0xffffffff8250dc51                zzHttpReqSetArg
 .text.zzHttpReqSetPath
                0xffffffff8250dd2c       0xa0 /cygdrive/d/work_proj/soft/build/sl_app/app/lib/libapp_release.a(zz_http_req.o)
                0xffffffff8250dd2d                zzHttpReqSetPath
 .text.zzHttpReqSetMethod
                0xffffffff8250ddcc       0xa0 /cygdrive/d/work_proj/soft/build/sl_app/app/lib/libapp_release.a(zz_http_req.o)
                0xffffffff8250ddcd                zzHttpReqSetMethod
 .text.zzHttpReqSetHostname
                0xffffffff8250de6c       0xa0 /cygdrive/d/work_proj/soft/build/sl_app/app/lib/libapp_release.a(zz_http_req.o)
                0xffffffff8250de6d                zzHttpReqSetHostname
 .text.zzHttpReqFinish
                0xffffffff8250df0c      0x174 /cygdrive/d/work_proj/soft/build/sl_app/app/lib/libapp_release.a(zz_http_req.o)
                0xffffffff8250df0d                zzHttpReqFinish
 .text.zzHttpReqProcessEvent
                0xffffffff8250e080      0x168 /cygdrive/d/work_proj/soft/build/sl_app/app/lib/libapp_release.a(zz_http_req.o)
 .text.zzHttpReqTask
                0xffffffff8250e1e8       0xd8 /cygdrive/d/work_proj/soft/build/sl_app/app/lib/libapp_release.a(zz_http_req.o)
 .text.zzHttpReqStreamReadCb
                0xffffffff8250e2c0      0x3bc /cygdrive/d/work_proj/soft/build/sl_app/app/lib/libapp_release.a(zz_http_req.o)
 .text.zzHttpReqStreamWriteCb
                0xffffffff8250e67c       0xdc /cygdrive/d/work_proj/soft/build/sl_app/app/lib/libapp_release.a(zz_http_req.o)
 .text.openStreamByIp
                0xffffffff8250e758       0xb4 /cygdrive/d/work_proj/soft/build/sl_app/app/lib/libapp_release.a(zz_http_req.o)
 .text.openStream
                0xffffffff8250e80c      0x160 /cygdrive/d/work_proj/soft/build/sl_app/app/lib/libapp_release.a(zz_http_req.o)
 .text.zzHttpReqStreamCloseCb
                0xffffffff8250e96c      0x100 /cygdrive/d/work_proj/soft/build/sl_app/app/lib/libapp_release.a(zz_http_req.o)
 .text.dnsCb    0xffffffff8250ea6c      0x108 /cygdrive/d/work_proj/soft/build/sl_app/app/lib/libapp_release.a(zz_http_req.o)
 .text.zzHttpReqStream3GetIpByNameCb
                0xffffffff8250eb74       0x1c /cygdrive/d/work_proj/soft/build/sl_app/app/lib/libapp_release.a(zz_http_req.o)
 .text.zzHttpReqStream2GetIpByNameCb
                0xffffffff8250eb90       0x1c /cygdrive/d/work_proj/soft/build/sl_app/app/lib/libapp_release.a(zz_http_req.o)
 .text.zzHttpReqStream1GetIpByNameCb
                0xffffffff8250ebac       0x1c /cygdrive/d/work_proj/soft/build/sl_app/app/lib/libapp_release.a(zz_http_req.o)
 .text.zzHttpReqStream0GetIpByNameCb
                0xffffffff8250ebc8       0x1c /cygdrive/d/work_proj/soft/build/sl_app/app/lib/libapp_release.a(zz_http_req.o)
 .text.writeStream
                0xffffffff8250ebe4      0x498 /cygdrive/d/work_proj/soft/build/sl_app/app/lib/libapp_release.a(zz_http_req.o)
 .text.zzHttpReqStreamOpenCb
                0xffffffff8250f07c       0xdc /cygdrive/d/work_proj/soft/build/sl_app/app/lib/libapp_release.a(zz_http_req.o)
 .text.zzHttpReqRelease
                0xffffffff8250f158      0x1e8 /cygdrive/d/work_proj/soft/build/sl_app/app/lib/libapp_release.a(zz_http_req.o)
                0xffffffff8250f159                zzHttpReqRelease
 .text.zzHttpReqSubmit
                0xffffffff8250f340      0x400 /cygdrive/d/work_proj/soft/build/sl_app/app/lib/libapp_release.a(zz_http_req.o)
                0xffffffff8250f341                zzHttpReqSubmit
 .text.keyRegisterSingle
                0xffffffff8250f740       0x2c /cygdrive/d/work_proj/soft/build/sl_app/app/lib/libapp_release.a(zz_key.o)
                0xffffffff8250f741                keyRegisterSingle
 .text.keyScan  0xffffffff8250f76c      0x138 /cygdrive/d/work_proj/soft/build/sl_app/app/lib/libapp_release.a(zz_key.o)
                0xffffffff8250f76d                keyScan
 .text.zzCreateLock
                0xffffffff8250f8a4       0x80 /cygdrive/d/work_proj/soft/build/sl_app/app/lib/libapp_release.a(zz_lock.o)
                0xffffffff8250f8a5                zzCreateLock
 .text.zzLock   0xffffffff8250f924       0x60 /cygdrive/d/work_proj/soft/build/sl_app/app/lib/libapp_release.a(zz_lock.o)
                0xffffffff8250f925                zzLock
 .text.zzUnlock
                0xffffffff8250f984       0x20 /cygdrive/d/work_proj/soft/build/sl_app/app/lib/libapp_release.a(zz_lock.o)
                0xffffffff8250f985                zzUnlock
 .text.zzStringCopy
                0xffffffff8250f9a4       0xbc /cygdrive/d/work_proj/soft/build/sl_app/app/lib/libapp_release.a(zz_type.o)
                0xffffffff8250f9a5                zzStringCopy
 .text.sledOn   0xffffffff8250fa60       0x28 /cygdrive/d/work_proj/soft/build/sl_app/app/lib/libapp_release.a(iotgo_sled.o)
 .text.sledOff  0xffffffff8250fa88       0x28 /cygdrive/d/work_proj/soft/build/sl_app/app/lib/libapp_release.a(iotgo_sled.o)
 .text.iotgoSledInit
                0xffffffff8250fab0       0x24 /cygdrive/d/work_proj/soft/build/sl_app/app/lib/libapp_release.a(iotgo_sled.o)
                0xffffffff8250fab1                iotgoSledInit
 .text.iotgoSledScanCb
                0xffffffff8250fad4       0xac /cygdrive/d/work_proj/soft/build/sl_app/app/lib/libapp_release.a(iotgo_sled.o)
                0xffffffff8250fad5                iotgoSledScanCb
 .text          0xffffffff8250fb80       0x50 /crosscompiler/bin/../lib/gcc/mips-elf/4.4.2/libgcc.a(_fixunsdfsi.o)
                0xffffffff8250fb81                __fixunsdfsi
 .text          0xffffffff8250fbd0       0xfc /crosscompiler/bin/../lib/gcc/mips-elf/4.4.2/libgcc.a(_mul_sf.o)
                0xffffffff8250fbd1                __mulsf3
 .text          0xffffffff8250fccc       0x2c /crosscompiler/bin/../lib/gcc/mips-elf/4.4.2/libgcc.a(_sf_to_df.o)
                0xffffffff8250fccd                __extendsfdf2
 .text          0xffffffff8250fcf8       0x64 /crosscompiler/bin/../lib/gcc/mips-elf/4.4.2/libgcc.a(_usi_to_sf.o)
                0xffffffff8250fcf9                __floatunsisf
 .text          0xffffffff8250fd5c      0x2f0 /crosscompiler/bin/../lib/gcc/mips-elf/4.4.2/libgcc.a(_addsub_df.o)
                0xffffffff8250ffc5                __subdf3
                0xffffffff8251000d                __adddf3
 *fill*         0xffffffff8251004c        0x4 00000000
 .text          0xffffffff82510050      0x1b8 /crosscompiler/bin/../lib/gcc/mips-elf/4.4.2/libgcc.a(_mul_df.o)
                0xffffffff82510051                __muldf3
 .text          0xffffffff82510208      0x138 /crosscompiler/bin/../lib/gcc/mips-elf/4.4.2/libgcc.a(_div_df.o)
                0xffffffff82510209                __divdf3
 .text          0xffffffff82510340       0x48 /crosscompiler/bin/../lib/gcc/mips-elf/4.4.2/libgcc.a(_ge_df.o)
                0xffffffff82510341                __gedf2
 .text          0xffffffff82510388       0x48 /crosscompiler/bin/../lib/gcc/mips-elf/4.4.2/libgcc.a(_lt_df.o)
                0xffffffff82510389                __ltdf2
 .text          0xffffffff825103d0       0x78 /crosscompiler/bin/../lib/gcc/mips-elf/4.4.2/libgcc.a(_si_to_df.o)
                0xffffffff825103d1                __floatsidf
 .text          0xffffffff82510448       0x64 /crosscompiler/bin/../lib/gcc/mips-elf/4.4.2/libgcc.a(_df_to_si.o)
                0xffffffff82510449                __fixdfsi
 .text          0xffffffff825104ac       0x20 /crosscompiler/bin/../lib/gcc/mips-elf/4.4.2/libgcc.a(_make_df.o)
                0xffffffff825104ad                __make_dp
 .text          0xffffffff825104cc       0x98 /crosscompiler/bin/../lib/gcc/mips-elf/4.4.2/libgcc.a(_usi_to_df.o)
                0xffffffff825104cd                __floatunsidf
 .text          0xffffffff82510564       0x3c /crosscompiler/bin/../lib/gcc/mips-elf/4.4.2/libgcc.a(_lshrdi3.o)
                0xffffffff82510565                __lshrdi3
 .text          0xffffffff825105a0       0x3c /crosscompiler/bin/../lib/gcc/mips-elf/4.4.2/libgcc.a(_ashldi3.o)
                0xffffffff825105a1                __ashldi3
 .text          0xffffffff825105dc       0x28 /crosscompiler/bin/../lib/gcc/mips-elf/4.4.2/libgcc.a(_ucmpdi2.o)
                0xffffffff825105dd                __ucmpdi2
 .text          0xffffffff82510604       0x3c /crosscompiler/bin/../lib/gcc/mips-elf/4.4.2/libgcc.a(_clzsi2.o)
                0xffffffff82510605                __clzsi2
 .text          0xffffffff82510640       0xc4 /crosscompiler/bin/../lib/gcc/mips-elf/4.4.2/libgcc.a(_pack_sf.o)
                0xffffffff82510641                __pack_f
 .text          0xffffffff82510704       0x7c /crosscompiler/bin/../lib/gcc/mips-elf/4.4.2/libgcc.a(_unpack_sf.o)
                0xffffffff82510705                __unpack_f
 .text          0xffffffff82510780      0x1a4 /crosscompiler/bin/../lib/gcc/mips-elf/4.4.2/libgcc.a(_pack_df.o)
                0xffffffff82510781                __pack_d
 .text          0xffffffff82510924       0xac /crosscompiler/bin/../lib/gcc/mips-elf/4.4.2/libgcc.a(_unpack_df.o)
                0xffffffff82510925                __unpack_d
 .text          0xffffffff825109d0       0x78 /crosscompiler/bin/../lib/gcc/mips-elf/4.4.2/libgcc.a(_fpcmp_parts_df.o)
                0xffffffff825109d1                __fpcmp_parts_d
                0xffffffff82510a50                . = ALIGN (0x10)
 *fill*         0xffffffff82510a48        0x8 00000000
                0xffffffff82510a50                _ram_cached_txt_end = .
                0x000000000000fbd0                ram_cached_txt_size = (_ram_cached_txt_end - _ram_cached_txt_start)
                0xffffffff82510a50                _ram_txt_end = .

.rel.dyn        0xffffffff82510a50        0x0
 .rel.dyn       0x0000000000000000        0x0 /cygdrive/d/work_proj/soft/build/sl_app/app/lib/libapp_release.a(iotgo_factory.o)
                0xffffffffa2510a50                . = (. + 0x20000000)

.ucdata         0xffffffffa2510a50        0x0
                0xffffffffa2510a50                _ram_uncached_data_start = .
 *(.ucdata)
 *(*.globalvars.uc)
                0xffffffffa2510a50                . = ALIGN (0x10)
                0xffffffffa2510a50                _ram_uncached_data_end = .
                0x0000000000000000                _ram_uncached_data_size = (_ram_uncached_data_end - _ram_uncached_data_start)
                0xffffffff82510a50                . = (. - 0x20000000)

.data           0xffffffff82510a50     0x2c10
                0xffffffff82510a50                _ram_cached_data_start = .
 *(.rdata)
 *(.rodata .rodata.* .gnu.linkonce.r.*)
 .rodata.str1.4
                0xffffffff82510a50      0x278 /cygdrive/d/work_proj/soft/build/sl_app/app/lib/libapp_release.a(zz_main.o)
                                        0x27c (size before relaxing)
 .rodata.__FUNCTION__.4229
                0xffffffff82510cc8        0xc /cygdrive/d/work_proj/soft/build/sl_app/app/lib/libapp_release.a(zz_main.o)
 .rodata.__FUNCTION__.4154
                0xffffffff82510cd4       0x10 /cygdrive/d/work_proj/soft/build/sl_app/app/lib/libapp_release.a(zz_main.o)
 .rodata.__FUNCTION__.4187
                0xffffffff82510ce4        0xc /cygdrive/d/work_proj/soft/build/sl_app/app/lib/libapp_release.a(zz_main.o)
 .rodata.str1.4
                0xffffffff82510cf0       0xf4 /cygdrive/d/work_proj/soft/build/sl_app/app/lib/libapp_release.a(zz_net.o)
                                        0x13c (size before relaxing)
 .rodata.__FUNCTION__.3916
                0xffffffff82510de4        0xc /cygdrive/d/work_proj/soft/build/sl_app/app/lib/libapp_release.a(zz_net.o)
 .rodata.__FUNCTION__.3886
                0xffffffff82510df0       0x14 /cygdrive/d/work_proj/soft/build/sl_app/app/lib/libapp_release.a(zz_net.o)
 .rodata.__FUNCTION__.3846
                0xffffffff82510e04       0x10 /cygdrive/d/work_proj/soft/build/sl_app/app/lib/libapp_release.a(zz_net.o)
 .rodata.__FUNCTION__.3813
                0xffffffff82510e14       0x10 /cygdrive/d/work_proj/soft/build/sl_app/app/lib/libapp_release.a(zz_net.o)
 .rodata.__FUNCTION__.3778
                0xffffffff82510e24       0x10 /cygdrive/d/work_proj/soft/build/sl_app/app/lib/libapp_release.a(zz_net.o)
 .rodata.__FUNCTION__.3739
                0xffffffff82510e34        0xc /cygdrive/d/work_proj/soft/build/sl_app/app/lib/libapp_release.a(zz_net.o)
 .rodata.str1.4
                0xffffffff82510e40      0x147 /cygdrive/d/work_proj/soft/build/sl_app/app/lib/libapp_release.a(zz_timer.o)
                                        0x17c (size before relaxing)
 *fill*         0xffffffff82510f87        0x1 00
 .rodata.__FUNCTION__.4574
                0xffffffff82510f88       0x10 /cygdrive/d/work_proj/soft/build/sl_app/app/lib/libapp_release.a(zz_timer.o)
 .rodata.__FUNCTION__.4135
                0xffffffff82510f98        0xc /cygdrive/d/work_proj/soft/build/sl_app/app/lib/libapp_release.a(zz_timer.o)
 .rodata.__FUNCTION__.3890
                0xffffffff82510fa4        0xc /cygdrive/d/work_proj/soft/build/sl_app/app/lib/libapp_release.a(zz_timer.o)
 .rodata.str1.4
                0xffffffff82510fb0       0xdd /cygdrive/d/work_proj/soft/build/sl_app/app/lib/libapp_release.a(zz_util.o)
                                        0x100 (size before relaxing)
 *fill*         0xffffffff8251108d        0x3 00
 .rodata.__FUNCTION__.3771
                0xffffffff82511090        0xc /cygdrive/d/work_proj/soft/build/sl_app/app/lib/libapp_release.a(zz_util.o)
 .rodata.__FUNCTION__.3758
                0xffffffff8251109c        0xc /cygdrive/d/work_proj/soft/build/sl_app/app/lib/libapp_release.a(zz_util.o)
 .rodata.__FUNCTION__.3746
                0xffffffff825110a8        0xc /cygdrive/d/work_proj/soft/build/sl_app/app/lib/libapp_release.a(zz_util.o)
 .rodata.__FUNCTION__.3723
                0xffffffff825110b4        0xc /cygdrive/d/work_proj/soft/build/sl_app/app/lib/libapp_release.a(zz_util.o)
 .rodata.__FUNCTION__.3711
                0xffffffff825110c0        0xc /cygdrive/d/work_proj/soft/build/sl_app/app/lib/libapp_release.a(zz_util.o)
 .rodata.str1.4
                0xffffffff825110cc      0x4f1 /cygdrive/d/work_proj/soft/build/sl_app/app/lib/libapp_release.a(zz_wsock.o)
                                        0x580 (size before relaxing)
 *fill*         0xffffffff825115bd        0x3 00
 .rodata.__FUNCTION__.4576
                0xffffffff825115c0        0xc /cygdrive/d/work_proj/soft/build/sl_app/app/lib/libapp_release.a(zz_wsock.o)
 .rodata.__FUNCTION__.4445
                0xffffffff825115cc       0x14 /cygdrive/d/work_proj/soft/build/sl_app/app/lib/libapp_release.a(zz_wsock.o)
 .rodata.__FUNCTION__.4059
                0xffffffff825115e0        0xc /cygdrive/d/work_proj/soft/build/sl_app/app/lib/libapp_release.a(zz_wsock.o)
 .rodata.__FUNCTION__.4039
                0xffffffff825115ec       0x10 /cygdrive/d/work_proj/soft/build/sl_app/app/lib/libapp_release.a(zz_wsock.o)
 .rodata.__FUNCTION__.3888
                0xffffffff825115fc       0x14 /cygdrive/d/work_proj/soft/build/sl_app/app/lib/libapp_release.a(zz_wsock.o)
 .rodata.__FUNCTION__.4418
                0xffffffff82511610       0x18 /cygdrive/d/work_proj/soft/build/sl_app/app/lib/libapp_release.a(zz_wsock.o)
 .rodata.__FUNCTION__.4501
                0xffffffff82511628       0x18 /cygdrive/d/work_proj/soft/build/sl_app/app/lib/libapp_release.a(zz_wsock.o)
 .rodata.__FUNCTION__.4403
                0xffffffff82511640       0x14 /cygdrive/d/work_proj/soft/build/sl_app/app/lib/libapp_release.a(zz_wsock.o)
 .rodata.__FUNCTION__.4375
                0xffffffff82511654       0x14 /cygdrive/d/work_proj/soft/build/sl_app/app/lib/libapp_release.a(zz_wsock.o)
 .rodata.__FUNCTION__.4559
                0xffffffff82511668       0x10 /cygdrive/d/work_proj/soft/build/sl_app/app/lib/libapp_release.a(zz_wsock.o)
 .rodata.__FUNCTION__.4517
                0xffffffff82511678        0xc /cygdrive/d/work_proj/soft/build/sl_app/app/lib/libapp_release.a(zz_wsock.o)
 .rodata.__FUNCTION__.4335
                0xffffffff82511684        0xc /cygdrive/d/work_proj/soft/build/sl_app/app/lib/libapp_release.a(zz_wsock.o)
 .rodata.__FUNCTION__.4316
                0xffffffff82511690       0x10 /cygdrive/d/work_proj/soft/build/sl_app/app/lib/libapp_release.a(zz_wsock.o)
 .rodata.__FUNCTION__.4280
                0xffffffff825116a0       0x14 /cygdrive/d/work_proj/soft/build/sl_app/app/lib/libapp_release.a(zz_wsock.o)
 .rodata.__FUNCTION__.4245
                0xffffffff825116b4       0x10 /cygdrive/d/work_proj/soft/build/sl_app/app/lib/libapp_release.a(zz_wsock.o)
 .rodata.__FUNCTION__.3922
                0xffffffff825116c4        0x8 /cygdrive/d/work_proj/soft/build/sl_app/app/lib/libapp_release.a(zz_wsock.o)
 .rodata.__FUNCTION__.3957
                0xffffffff825116cc        0xc /cygdrive/d/work_proj/soft/build/sl_app/app/lib/libapp_release.a(zz_wsock.o)
 .rodata.__FUNCTION__.4221
                0xffffffff825116d8       0x14 /cygdrive/d/work_proj/soft/build/sl_app/app/lib/libapp_release.a(zz_wsock.o)
 .rodata.__FUNCTION__.4203
                0xffffffff825116ec       0x14 /cygdrive/d/work_proj/soft/build/sl_app/app/lib/libapp_release.a(zz_wsock.o)
 .rodata.__FUNCTION__.4189
                0xffffffff82511700       0x14 /cygdrive/d/work_proj/soft/build/sl_app/app/lib/libapp_release.a(zz_wsock.o)
 .rodata.str1.4
                0xffffffff82511714       0x2b /cygdrive/d/work_proj/soft/build/sl_app/app/lib/libapp_release.a(cJSON.o)
                                         0x34 (size before relaxing)
 *fill*         0xffffffff8251173f        0x1 00
 .rodata.firstByteMark
                0xffffffff82511740        0x8 /cygdrive/d/work_proj/soft/build/sl_app/app/lib/libapp_release.a(cJSON.o)
 .rodata.str1.4
                0xffffffff82511748      0x443 /cygdrive/d/work_proj/soft/build/sl_app/app/lib/libapp_release.a(iotgo_factory.o)
                                        0x45c (size before relaxing)
 *fill*         0xffffffff82511b8b        0x1 00
 .rodata.str1.4
                0xffffffff82511b8c      0x595 /cygdrive/d/work_proj/soft/build/sl_app/app/lib/libapp_release.a(iotgo_upgrade.o)
                                        0x620 (size before relaxing)
 *fill*         0xffffffff82512121        0x3 00
 .rodata.__FUNCTION__.4418
                0xffffffff82512124        0xc /cygdrive/d/work_proj/soft/build/sl_app/app/lib/libapp_release.a(iotgo_upgrade.o)
 .rodata.__FUNCTION__.4274
                0xffffffff82512130       0x18 /cygdrive/d/work_proj/soft/build/sl_app/app/lib/libapp_release.a(iotgo_upgrade.o)
 .rodata.__FUNCTION__.4110
                0xffffffff82512148       0x1c /cygdrive/d/work_proj/soft/build/sl_app/app/lib/libapp_release.a(iotgo_upgrade.o)
 .rodata.str1.4
                0xffffffff82512164      0x247 /cygdrive/d/work_proj/soft/build/sl_app/app/lib/libapp_release.a(zz_app_htask.o)
                                        0x2bc (size before relaxing)
 *fill*         0xffffffff825123ab        0x1 00
 .rodata.__FUNCTION__.4340
                0xffffffff825123ac       0x10 /cygdrive/d/work_proj/soft/build/sl_app/app/lib/libapp_release.a(zz_app_htask.o)
 .rodata.__FUNCTION__.4287
                0xffffffff825123bc        0xc /cygdrive/d/work_proj/soft/build/sl_app/app/lib/libapp_release.a(zz_app_htask.o)
 .rodata.__FUNCTION__.3985
                0xffffffff825123c8        0xc /cygdrive/d/work_proj/soft/build/sl_app/app/lib/libapp_release.a(zz_app_htask.o)
 .rodata.__FUNCTION__.3910
                0xffffffff825123d4        0xc /cygdrive/d/work_proj/soft/build/sl_app/app/lib/libapp_release.a(zz_app_htask.o)
 .rodata.__FUNCTION__.4198
                0xffffffff825123e0       0x10 /cygdrive/d/work_proj/soft/build/sl_app/app/lib/libapp_release.a(zz_app_htask.o)
 .rodata.__FUNCTION__.4254
                0xffffffff825123f0       0x14 /cygdrive/d/work_proj/soft/build/sl_app/app/lib/libapp_release.a(zz_app_htask.o)
 .rodata.__FUNCTION__.4175
                0xffffffff82512404       0x10 /cygdrive/d/work_proj/soft/build/sl_app/app/lib/libapp_release.a(zz_app_htask.o)
 .rodata.__FUNCTION__.4071
                0xffffffff82512414       0x10 /cygdrive/d/work_proj/soft/build/sl_app/app/lib/libapp_release.a(zz_app_htask.o)
 .rodata.str1.4
                0xffffffff82512424       0x6b /cygdrive/d/work_proj/soft/build/sl_app/app/lib/libapp_release.a(zz_app_ltask.o)
                                         0xa8 (size before relaxing)
 *fill*         0xffffffff8251248f        0x1 00
 .rodata.__FUNCTION__.3735
                0xffffffff82512490       0x10 /cygdrive/d/work_proj/soft/build/sl_app/app/lib/libapp_release.a(zz_app_ltask.o)
 .rodata.__FUNCTION__.3705
                0xffffffff825124a0        0xc /cygdrive/d/work_proj/soft/build/sl_app/app/lib/libapp_release.a(zz_app_ltask.o)
 .rodata.str1.4
                0xffffffff825124ac      0x741 /cygdrive/d/work_proj/soft/build/sl_app/app/lib/libapp_release.a(zz_app_mtask.o)
                                        0x9c0 (size before relaxing)
 *fill*         0xffffffff82512bed        0x3 00
 .rodata.__FUNCTION__.5325
                0xffffffff82512bf0       0x10 /cygdrive/d/work_proj/soft/build/sl_app/app/lib/libapp_release.a(zz_app_mtask.o)
 .rodata.__FUNCTION__.5137
                0xffffffff82512c00        0xc /cygdrive/d/work_proj/soft/build/sl_app/app/lib/libapp_release.a(zz_app_mtask.o)
 .rodata.__FUNCTION__.4200
                0xffffffff82512c0c       0x14 /cygdrive/d/work_proj/soft/build/sl_app/app/lib/libapp_release.a(zz_app_mtask.o)
 .rodata.__FUNCTION__.4153
                0xffffffff82512c20       0x14 /cygdrive/d/work_proj/soft/build/sl_app/app/lib/libapp_release.a(zz_app_mtask.o)
 .rodata.__FUNCTION__.4446
                0xffffffff82512c34        0x8 /cygdrive/d/work_proj/soft/build/sl_app/app/lib/libapp_release.a(zz_app_mtask.o)
 .rodata.__FUNCTION__.4942
                0xffffffff82512c3c        0xc /cygdrive/d/work_proj/soft/build/sl_app/app/lib/libapp_release.a(zz_app_mtask.o)
 .rodata.__FUNCTION__.5057
                0xffffffff82512c48       0x14 /cygdrive/d/work_proj/soft/build/sl_app/app/lib/libapp_release.a(zz_app_mtask.o)
 .rodata.__FUNCTION__.5026
                0xffffffff82512c5c       0x10 /cygdrive/d/work_proj/soft/build/sl_app/app/lib/libapp_release.a(zz_app_mtask.o)
 .rodata.__FUNCTION__.4820
                0xffffffff82512c6c       0x14 /cygdrive/d/work_proj/soft/build/sl_app/app/lib/libapp_release.a(zz_app_mtask.o)
 .rodata.__FUNCTION__.4346
                0xffffffff82512c80       0x10 /cygdrive/d/work_proj/soft/build/sl_app/app/lib/libapp_release.a(zz_app_mtask.o)
 .rodata.__FUNCTION__.4489
                0xffffffff82512c90       0x14 /cygdrive/d/work_proj/soft/build/sl_app/app/lib/libapp_release.a(zz_app_mtask.o)
 .rodata.__FUNCTION__.4774
                0xffffffff82512ca4       0x20 /cygdrive/d/work_proj/soft/build/sl_app/app/lib/libapp_release.a(zz_app_mtask.o)
 .rodata.__FUNCTION__.4730
                0xffffffff82512cc4       0x14 /cygdrive/d/work_proj/soft/build/sl_app/app/lib/libapp_release.a(zz_app_mtask.o)
 .rodata.__FUNCTION__.4676
                0xffffffff82512cd8       0x18 /cygdrive/d/work_proj/soft/build/sl_app/app/lib/libapp_release.a(zz_app_mtask.o)
 .rodata.__FUNCTION__.4585
                0xffffffff82512cf0       0x14 /cygdrive/d/work_proj/soft/build/sl_app/app/lib/libapp_release.a(zz_app_mtask.o)
 .rodata.__FUNCTION__.4545
                0xffffffff82512d04       0x18 /cygdrive/d/work_proj/soft/build/sl_app/app/lib/libapp_release.a(zz_app_mtask.o)
 .rodata.__FUNCTION__.4987
                0xffffffff82512d1c       0x14 /cygdrive/d/work_proj/soft/build/sl_app/app/lib/libapp_release.a(zz_app_mtask.o)
 .rodata.str1.4
                0x0000000000000000        0x8 /cygdrive/d/work_proj/soft/build/sl_app/app/lib/libapp_release.a(zz_at_cmd.o)
 .rodata.str1.4
                0xffffffff82512d30       0x2c /cygdrive/d/work_proj/soft/build/sl_app/app/lib/libapp_release.a(zz_data.o)
                                         0x68 (size before relaxing)
 .rodata.__FUNCTION__.3768
                0xffffffff82512d5c        0xc /cygdrive/d/work_proj/soft/build/sl_app/app/lib/libapp_release.a(zz_data.o)
 .rodata.__FUNCTION__.3734
                0xffffffff82512d68        0xc /cygdrive/d/work_proj/soft/build/sl_app/app/lib/libapp_release.a(zz_data.o)
 .rodata.__FUNCTION__.3692
                0xffffffff82512d74        0xc /cygdrive/d/work_proj/soft/build/sl_app/app/lib/libapp_release.a(zz_data.o)
 .rodata.__FUNCTION__.3658
                0xffffffff82512d80        0xc /cygdrive/d/work_proj/soft/build/sl_app/app/lib/libapp_release.a(zz_data.o)
 .rodata.__FUNCTION__.3631
                0xffffffff82512d8c       0x10 /cygdrive/d/work_proj/soft/build/sl_app/app/lib/libapp_release.a(zz_data.o)
 .rodata.__FUNCTION__.3601
                0xffffffff82512d9c        0x8 /cygdrive/d/work_proj/soft/build/sl_app/app/lib/libapp_release.a(zz_data.o)
 .rodata.str1.4
                0xffffffff82512da4       0x26 /cygdrive/d/work_proj/soft/build/sl_app/app/lib/libapp_release.a(zz_event.o)
                                         0x40 (size before relaxing)
 *fill*         0xffffffff82512dca        0x2 00
 .rodata.__FUNCTION__.3707
                0xffffffff82512dcc        0xc /cygdrive/d/work_proj/soft/build/sl_app/app/lib/libapp_release.a(zz_event.o)
 .rodata.str1.4
                0xffffffff82512dd8      0x449 /cygdrive/d/work_proj/soft/build/sl_app/app/lib/libapp_release.a(zz_http_req.o)
                                        0x58c (size before relaxing)
 *fill*         0xffffffff82513221        0x3 00
 .rodata.__FUNCTION__.5378
                0xffffffff82513224       0x14 /cygdrive/d/work_proj/soft/build/sl_app/app/lib/libapp_release.a(zz_http_req.o)
 .rodata.__FUNCTION__.5350
                0xffffffff82513238       0x10 /cygdrive/d/work_proj/soft/build/sl_app/app/lib/libapp_release.a(zz_http_req.o)
 .rodata.__FUNCTION__.4156
                0xffffffff82513248       0x18 /cygdrive/d/work_proj/soft/build/sl_app/app/lib/libapp_release.a(zz_http_req.o)
 .rodata.__FUNCTION__.4035
                0xffffffff82513260        0xc /cygdrive/d/work_proj/soft/build/sl_app/app/lib/libapp_release.a(zz_http_req.o)
 .rodata.__FUNCTION__.5272
                0xffffffff8251326c       0x14 /cygdrive/d/work_proj/soft/build/sl_app/app/lib/libapp_release.a(zz_http_req.o)
 .rodata.__FUNCTION__.5220
                0xffffffff82513280       0x10 /cygdrive/d/work_proj/soft/build/sl_app/app/lib/libapp_release.a(zz_http_req.o)
 .rodata.__FUNCTION__.4051
                0xffffffff82513290       0x10 /cygdrive/d/work_proj/soft/build/sl_app/app/lib/libapp_release.a(zz_http_req.o)
 .rodata.__FUNCTION__.5038
                0xffffffff825132a0       0x18 /cygdrive/d/work_proj/soft/build/sl_app/app/lib/libapp_release.a(zz_http_req.o)
 .rodata.__FUNCTION__.4657
                0xffffffff825132b8        0xc /cygdrive/d/work_proj/soft/build/sl_app/app/lib/libapp_release.a(zz_http_req.o)
 .rodata.__FUNCTION__.4540
                0xffffffff825132c4       0x10 /cygdrive/d/work_proj/soft/build/sl_app/app/lib/libapp_release.a(zz_http_req.o)
 .rodata.__FUNCTION__.4615
                0xffffffff825132d4       0x18 /cygdrive/d/work_proj/soft/build/sl_app/app/lib/libapp_release.a(zz_http_req.o)
 .rodata.__FUNCTION__.4565
                0xffffffff825132ec       0x14 /cygdrive/d/work_proj/soft/build/sl_app/app/lib/libapp_release.a(zz_http_req.o)
 .rodata.__FUNCTION__.5003
                0xffffffff82513300       0x18 /cygdrive/d/work_proj/soft/build/sl_app/app/lib/libapp_release.a(zz_http_req.o)
 .rodata.__FUNCTION__.4966
                0xffffffff82513318       0x18 /cygdrive/d/work_proj/soft/build/sl_app/app/lib/libapp_release.a(zz_http_req.o)
 .rodata.__FUNCTION__.4845
                0xffffffff82513330        0xc /cygdrive/d/work_proj/soft/build/sl_app/app/lib/libapp_release.a(zz_http_req.o)
 .rodata.__FUNCTION__.4753
                0xffffffff8251333c       0x10 /cygdrive/d/work_proj/soft/build/sl_app/app/lib/libapp_release.a(zz_http_req.o)
 .rodata.__FUNCTION__.4780
                0xffffffff8251334c        0x8 /cygdrive/d/work_proj/soft/build/sl_app/app/lib/libapp_release.a(zz_http_req.o)
 .rodata.__FUNCTION__.4940
                0xffffffff82513354       0x18 /cygdrive/d/work_proj/soft/build/sl_app/app/lib/libapp_release.a(zz_http_req.o)
 .rodata.__FUNCTION__.4900
                0xffffffff8251336c        0xc /cygdrive/d/work_proj/soft/build/sl_app/app/lib/libapp_release.a(zz_http_req.o)
 .rodata.__FUNCTION__.4427
                0xffffffff82513378        0xc /cygdrive/d/work_proj/soft/build/sl_app/app/lib/libapp_release.a(zz_http_req.o)
 .rodata.__FUNCTION__.5168
                0xffffffff82513384       0x10 /cygdrive/d/work_proj/soft/build/sl_app/app/lib/libapp_release.a(zz_http_req.o)
 .rodata.__FUNCTION__.5085
                0xffffffff82513394       0x10 /cygdrive/d/work_proj/soft/build/sl_app/app/lib/libapp_release.a(zz_http_req.o)
 .rodata.__FUNCTION__.3967
                0xffffffff825133a4       0x10 /cygdrive/d/work_proj/soft/build/sl_app/app/lib/libapp_release.a(zz_http_req.o)
 .rodata.__FUNCTION__.3934
                0xffffffff825133b4       0x18 /cygdrive/d/work_proj/soft/build/sl_app/app/lib/libapp_release.a(zz_http_req.o)
 .rodata.__FUNCTION__.4398
                0xffffffff825133cc       0x14 /cygdrive/d/work_proj/soft/build/sl_app/app/lib/libapp_release.a(zz_http_req.o)
 .rodata.__FUNCTION__.4370
                0xffffffff825133e0       0x14 /cygdrive/d/work_proj/soft/build/sl_app/app/lib/libapp_release.a(zz_http_req.o)
 .rodata.__FUNCTION__.4340
                0xffffffff825133f4       0x10 /cygdrive/d/work_proj/soft/build/sl_app/app/lib/libapp_release.a(zz_http_req.o)
 .rodata.__FUNCTION__.4316
                0xffffffff82513404       0x14 /cygdrive/d/work_proj/soft/build/sl_app/app/lib/libapp_release.a(zz_http_req.o)
 .rodata.__FUNCTION__.4294
                0xffffffff82513418       0x14 /cygdrive/d/work_proj/soft/build/sl_app/app/lib/libapp_release.a(zz_http_req.o)
 .rodata.__FUNCTION__.4278
                0xffffffff8251342c       0x14 /cygdrive/d/work_proj/soft/build/sl_app/app/lib/libapp_release.a(zz_http_req.o)
 .rodata.__FUNCTION__.4261
                0xffffffff82513440       0x14 /cygdrive/d/work_proj/soft/build/sl_app/app/lib/libapp_release.a(zz_http_req.o)
 .rodata.__FUNCTION__.4239
                0xffffffff82513454       0x18 /cygdrive/d/work_proj/soft/build/sl_app/app/lib/libapp_release.a(zz_http_req.o)
 .rodata.__FUNCTION__.4223
                0xffffffff8251346c       0x18 /cygdrive/d/work_proj/soft/build/sl_app/app/lib/libapp_release.a(zz_http_req.o)
 .rodata.__FUNCTION__.4140
                0xffffffff82513484       0x14 /cygdrive/d/work_proj/soft/build/sl_app/app/lib/libapp_release.a(zz_http_req.o)
 .rodata.__FUNCTION__.4124
                0xffffffff82513498       0x14 /cygdrive/d/work_proj/soft/build/sl_app/app/lib/libapp_release.a(zz_http_req.o)
 .rodata.__FUNCTION__.4108
                0xffffffff825134ac       0x1c /cygdrive/d/work_proj/soft/build/sl_app/app/lib/libapp_release.a(zz_http_req.o)
 .rodata.__FUNCTION__.4092
                0xffffffff825134c8       0x14 /cygdrive/d/work_proj/soft/build/sl_app/app/lib/libapp_release.a(zz_http_req.o)
 .rodata.str1.4
                0xffffffff825134dc       0x56 /cygdrive/d/work_proj/soft/build/sl_app/app/lib/libapp_release.a(zz_lock.o)
                                         0x88 (size before relaxing)
 *fill*         0xffffffff82513532        0x2 00
 .rodata.__FUNCTION__.3614
                0xffffffff82513534        0x8 /cygdrive/d/work_proj/soft/build/sl_app/app/lib/libapp_release.a(zz_lock.o)
 .rodata.__FUNCTION__.3591
                0xffffffff8251353c       0x10 /cygdrive/d/work_proj/soft/build/sl_app/app/lib/libapp_release.a(zz_lock.o)
 .rodata.str1.4
                0xffffffff8251354c       0x10 /cygdrive/d/work_proj/soft/build/sl_app/app/lib/libapp_release.a(zz_type.o)
                                         0x48 (size before relaxing)
 .rodata.__FUNCTION__.3648
                0xffffffff8251355c       0x10 /cygdrive/d/work_proj/soft/build/sl_app/app/lib/libapp_release.a(zz_type.o)
 *(.rodata1)
 *(.ctors)
                0xffffffff82513570                . = ALIGN (0x10)
 *fill*         0xffffffff8251356c        0x4 00
 *(*.globalvars.c *.globalvars.c.*)
 *(EXCLUDE_FILE(*.oo gcj_*.o) .data)
 *(EXCLUDE_FILE(*.oo gcj_*.o) .data.*)
 .data.zz_net_apn
                0xffffffff82513570        0x8 /cygdrive/d/work_proj/soft/build/sl_app/app/lib/libapp_release.a(zz_net.o)
 .data.zz_net_username
                0xffffffff82513578        0x4 /cygdrive/d/work_proj/soft/build/sl_app/app/lib/libapp_release.a(zz_net.o)
 .data.zz_net_password
                0xffffffff8251357c        0x4 /cygdrive/d/work_proj/soft/build/sl_app/app/lib/libapp_release.a(zz_net.o)
 .data.at_cmd_lib
                0xffffffff82513580       0x78 /cygdrive/d/work_proj/soft/build/sl_app/app/lib/libapp_release.a(iotgo_factory.o)
                0xffffffff82513580                at_cmd_lib
 .data.upgrade_req
                0xffffffff825135f8        0x4 /cygdrive/d/work_proj/soft/build/sl_app/app/lib/libapp_release.a(iotgo_upgrade.o)
 .data.flag_first_body.4268
                0xffffffff825135fc        0x1 /cygdrive/d/work_proj/soft/build/sl_app/app/lib/libapp_release.a(iotgo_upgrade.o)
 *fill*         0xffffffff825135fd        0x3 00
 .data.sha256_padding
                0xffffffff82513600       0x40 /cygdrive/d/work_proj/soft/build/sl_app/app/lib/libapp_release.a(sha256.o)
 .data.device_state
                0xffffffff82513640        0x4 /cygdrive/d/work_proj/soft/build/sl_app/app/lib/libapp_release.a(zz_app_htask.o)
 .data.CommdStartFlag
                0xffffffff82513644        0x4 /cygdrive/d/work_proj/soft/build/sl_app/app/lib/libapp_release.a(zz_at_cmd.o)
                0xffffffff82513644                CommdStartFlag
 .data.CommdEndFlag
                0xffffffff82513648        0x4 /cygdrive/d/work_proj/soft/build/sl_app/app/lib/libapp_release.a(zz_at_cmd.o)
                0xffffffff82513648                CommdEndFlag
 .data.mode.3745
                0xffffffff8251364c        0x4 /cygdrive/d/work_proj/soft/build/sl_app/app/lib/libapp_release.a(iotgo_sled.o)
 .data.old_mode.3744
                0xffffffff82513650        0x4 /cygdrive/d/work_proj/soft/build/sl_app/app/lib/libapp_release.a(iotgo_sled.o)
 *(EXCLUDE_FILE(*.oo gcj_*.o) .gnu.linkonce.d.*)
 *(.data1)
                0xffffffff8251b650                _gp = (ALIGN (0x10) + 0x7ff0)
 *(.sdata .sdata.* .gnu.linkonce.s.*)
 *(.sdata2 .sdata2.* .gnu.linkonce.s2.*)
 *(.lit8)
 *(.lit4)
                0xffffffff82513654                . = ALIGN (0x4)
                0xffffffff82513660                . = ALIGN (0x10)
 *fill*         0xffffffff82513654        0xc 00
                0xffffffff82513660                _ram_cached_data_end = .
                0x0000000000002c10                _ram_cached_data_size = (_ram_cached_data_end - _ram_cached_data_start)
                0xffffffff82513660                _ram_end = .
                0x0000000000013660                _ram_size = (_ram_end - _ram_start)

.internal_rom   0xffffffff82513680     0x4a30
 .internal_rom  0xffffffff82513680     0x4a30 /cygdrive/d/work_proj/soft/lib/mem_bridge_rom_CHIP.elf
                0xffffffff82513680                __xcpu_start
                0xffffffff82513800                _boot_IrqHandler
                0xffffffff82513940                boot_HstMonitorX
                0xffffffff825139a0                boot_DbgExlTrigFunction0
                0xffffffff82513afc                monitor_entry
                0xffffffff82513b00                initial_stack_top_var
                0xffffffff82513b04                boot_FlushCache
                0xffffffff82513b28                boot_DisableInterrupt
                0xffffffff82513b81                boot_MonitorDoMonitoring
                0xffffffff82513cc1                boot_Monitor
                0xffffffff82513d01                boot_UartMonitorGetBaudRate
                0xffffffff82513d15                boot_UartMonitorSend
                0xffffffff82513d79                boot_UartMonitorGet
                0xffffffff82513ddd                boot_UartMonitorOpen
                0xffffffff82513e15                boot_UartMonitorClose
                0xffffffff82513e25                boot_UartMonitorAck
                0xffffffff82513eb1                boot_UartMonitorTimeOut
                0xffffffff82513ed9                boot_UartMonitorWriteProcess
                0xffffffff82514021                boot_UartMonitorRpcProcess
                0xffffffff82514169                boot_UartMonitorReadProcess
                0xffffffff82514329                boot_UartMonitorExitProcess
                0xffffffff8251437d                boot_UartMonitorProcess
                0xffffffff82514425                boot_UartMonitor
                0xffffffff8251467c                g_BootHostUsbFixPtr
                0xffffffff82514681                boot_IrqDispatch
                0xffffffff825146b1                mon_Event
                0xffffffff825146e9                boot_HstCmdBasicHandler
                0xffffffff82514749                boot_HstMonitor
                0xffffffff825147b5                boot_IspiGetRomedCfg
                0xffffffff82514841                boot_IspiOpen
                0xffffffff82514929                boot_IspiFlushFifos
                0xffffffff82514939                boot_IspiClearRxDmaDone
                0xffffffff82514949                boot_IspiClearTxDmaDone
                0xffffffff82514959                boot_IspiClose
                0xffffffff8251499d                boot_IspiRxIfcChannelRelease
                0xffffffff825149b5                boot_IspiTxIfcChannelRelease
                0xffffffff825149cd                boot_IspiSendData
                0xffffffff82514a29                boot_IspiSendDataBuffer
                0xffffffff82514a95                boot_IspiTxFifoAvail
                0xffffffff82514ab1                boot_IspiTxDmaDone
                0xffffffff82514ae1                boot_IspiTxFinished
                0xffffffff82514b0d                boot_IspiGetData
                0xffffffff82514b3d                boot_IspiGetDataBuffer
                0xffffffff82514ba9                boot_IspiRxFifoLevel
                0xffffffff82514bc1                boot_IspiRxDmaDone
                0xffffffff82514bf1                boot_IspiForcePin
                0xffffffff82514c85                boot_IspiGetRxIfcTc
                0xffffffff82514c9c                g_bootIspiRomedCfg
                0xffffffff82514d01                boot_UsbResetTransfert
                0xffffffff82514d29                boot_UsbStartTransfert
                0xffffffff82514e29                boot_UsbCancelTransfert
                0xffffffff82514e51                boot_UsbContinueTransfert
                0xffffffff825153b9                boot_UsbInitVar
                0xffffffff825153e1                boot_UsbOpen
                0xffffffff82515401                boot_UsbEpStall
                0xffffffff82515489                boot_UsbRecv
                0xffffffff825154d1                boot_UsbSend
                0xffffffff82515555                boot_UsbCompletedCommand
                0xffffffff8251559d                boot_UsbEpEnableInterrupt
                0xffffffff825155ed                boot_UsbEpRxTransferedSize
                0xffffffff82515609                boot_UsbEpTransfertDone
                0xffffffff825156c5                boot_UsbClose
                0xffffffff82515701                boot_UsbReset
                0xffffffff82515e89                boot_UsbIrqHandler
                0xffffffff82516155                boot_HostUsbDeviceCallback
                0xffffffff82516161                boot_HostUsbClockEnable
                0xffffffff82516199                boot_HostUsbClose
                0xffffffff825161a9                boot_HostUsbSend
                0xffffffff82516305                boot_HostUsbEvent
                0xffffffff82516795                boot_HostUsbRecv
                0xffffffff8251682d                boot_HostUsbInit
                0xffffffff825168a5                boot_HostUsbOpen
                0xffffffff82516914                boot_HostUsbInterface
                0xffffffff82516994                boot_romCsString
                0xffffffff825169c4                boot_romDT
                0xffffffff825169d4                MutedFrame_AMR
                0xffffffff825169dc                MutedFrame_HR
                0xffffffff825169ec                MutedFrame_EFR
                0xffffffff82516a0c                MutedFrame_FR
                0xffffffff82516a31                atoi
                0xffffffff82516a71                bsearch
                0xffffffff82516ad0                _ctype
                0xffffffff82516bd1                memchr
                0xffffffff82516c11                memcmp
                0xffffffff82516c41                memcpy
                0xffffffff82516e11                memmove
                0xffffffff82516f51                memscan
                0xffffffff82516f71                memset
                0xffffffff825172b1                qsort
                0xffffffff825172e1                strcat
                0xffffffff82517301                strchr
                0xffffffff82517331                strrchr
                0xffffffff82517351                strcmp
                0xffffffff82517391                strcpy
                0xffffffff825173b1                strcspn
                0xffffffff825173f1                strlen
                0xffffffff82517411                strnlen
                0xffffffff82517471                strncmp
                0xffffffff825174b1                strncpy
                0xffffffff825174f1                strnicmp
                0xffffffff82517571                strsep
                0xffffffff825175b1                strspn
                0xffffffff825175e1                strstr
                0xffffffff82517641                strtok_r
                0xffffffff825176c1                strtok
                0xffffffff825176e1                strtol
                0xffffffff825178a1                strtoul
                0xffffffff82517c01                vsnprintf
                0xffffffff82518031                vsprintf
                0xffffffff82518051                snprintf
                0xffffffff82518071                sprintf

.backup         0xffffffff825180b0        0x0
 *(.backup)
                0xffffffff825180b0                . = ALIGN (0x10)
                0xffffffff825180b0                _ram_bss_start = .
                0xffffffffa25180b0                . = (. + 0x20000000)

.ucbss          0xffffffffa25180b0        0x0
 *(.ucbss)
 *(.ramucbss)
                0xffffffffa25180b0                . = ALIGN (0x10)
                0xffffffff825180b0                . = (. - 0x20000000)

.bss            0xffffffff825180b0     0x2080
 *(.sbss .sbss.* .gnu.linkonce.sb.*)
 *(.sbss2 .sbss2.* .gnu.linkonce.sb2.*)
 *(.scommon)
 .scommon       0xffffffff825180b0        0x6 /cygdrive/d/work_proj/soft/build/sl_app/app/lib/libapp_release.a(zz_at_cmd.o)
                0xffffffff825180b0                GetArrayPtr
                0xffffffff825180b4                GetCmdNum
 *(.dynbss)
 *(.bss .bss.* .gnu.linkonce.b.*)
 *fill*         0xffffffff825180b6        0x2 00
 .bss.task      0xffffffff825180b8        0x4 /cygdrive/d/work_proj/soft/build/sl_app/app/lib/libapp_release.a(zz_main.o)
 .bss.flag_device_is_test_purpose
                0xffffffff825180bc        0x1 /cygdrive/d/work_proj/soft/build/sl_app/app/lib/libapp_release.a(zz_main.o)
 *fill*         0xffffffff825180bd        0x3 00
 .bss.zz_streams
                0xffffffff825180c0       0x60 /cygdrive/d/work_proj/soft/build/sl_app/app/lib/libapp_release.a(zz_stream.o)
 .bss.zz_streams_lock
                0xffffffff82518120        0x8 /cygdrive/d/work_proj/soft/build/sl_app/app/lib/libapp_release.a(zz_stream.o)
 .bss.timer_task
                0xffffffff82518128        0x4 /cygdrive/d/work_proj/soft/build/sl_app/app/lib/libapp_release.a(zz_timer.o)
 .bss.zz_timer_action
                0xffffffff8251812c        0x4 /cygdrive/d/work_proj/soft/build/sl_app/app/lib/libapp_release.a(zz_timer.o)
 .bss.zz_timers
                0xffffffff82518130      0x800 /cygdrive/d/work_proj/soft/build/sl_app/app/lib/libapp_release.a(zz_timer.o)
 .bss.recv_buf.4442
                0xffffffff82518930      0x804 /cygdrive/d/work_proj/soft/build/sl_app/app/lib/libapp_release.a(zz_wsock.o)
 .bss.wsock_task
                0xffffffff82519134        0x4 /cygdrive/d/work_proj/soft/build/sl_app/app/lib/libapp_release.a(zz_wsock.o)
 .bss.wsock     0xffffffff82519138       0x70 /cygdrive/d/work_proj/soft/build/sl_app/app/lib/libapp_release.a(zz_wsock.o)
 .bss.ep        0xffffffff825191a8        0x4 /cygdrive/d/work_proj/soft/build/sl_app/app/lib/libapp_release.a(cJSON.o)
 .bss.json_len  0xffffffff825191ac        0x4 /cygdrive/d/work_proj/soft/build/sl_app/app/lib/libapp_release.a(iotgo_factory.o)
 .bss.is_recv_json
                0xffffffff825191b0        0x1 /cygdrive/d/work_proj/soft/build/sl_app/app/lib/libapp_release.a(iotgo_factory.o)
 .bss.flag_factory_data_is_flashed
                0xffffffff825191b1        0x1 /cygdrive/d/work_proj/soft/build/sl_app/app/lib/libapp_release.a(iotgo_factory.o)
 .bss.is_mode_atcmd
                0xffffffff825191b2        0x1 /cygdrive/d/work_proj/soft/build/sl_app/app/lib/libapp_release.a(iotgo_factory.o)
 *fill*         0xffffffff825191b3        0x1 00
 .bss.task_sled
                0xffffffff825191b4        0x4 /cygdrive/d/work_proj/soft/build/sl_app/app/lib/libapp_release.a(iotgo_factory.o)
 .bss.task_uart
                0xffffffff825191b8        0x4 /cygdrive/d/work_proj/soft/build/sl_app/app/lib/libapp_release.a(iotgo_factory.o)
 .bss.m_rx_buffer
                0xffffffff825191bc      0x408 /cygdrive/d/work_proj/soft/build/sl_app/app/lib/libapp_release.a(iotgo_factory.o)
 .bss.file_length
                0xffffffff825195c4        0x4 /cygdrive/d/work_proj/soft/build/sl_app/app/lib/libapp_release.a(iotgo_upgrade.o)
 .bss.bin_buffer_index
                0xffffffff825195c8        0x4 /cygdrive/d/work_proj/soft/build/sl_app/app/lib/libapp_release.a(iotgo_upgrade.o)
 .bss.bin_buffer
                0xffffffff825195cc        0x4 /cygdrive/d/work_proj/soft/build/sl_app/app/lib/libapp_release.a(iotgo_upgrade.o)
 .bss.body_len.4267
                0xffffffff825195d0        0x4 /cygdrive/d/work_proj/soft/build/sl_app/app/lib/libapp_release.a(iotgo_upgrade.o)
 .bss.upgrade_info
                0xffffffff825195d4       0xf0 /cygdrive/d/work_proj/soft/build/sl_app/app/lib/libapp_release.a(iotgo_upgrade.o)
 .bss.upgrade_task
                0xffffffff825196c4        0x4 /cygdrive/d/work_proj/soft/build/sl_app/app/lib/libapp_release.a(iotgo_upgrade.o)
 .bss.zz_app_htask
                0xffffffff825196c8        0x4 /cygdrive/d/work_proj/soft/build/sl_app/app/lib/libapp_release.a(zz_app_htask.o)
                0xffffffff825196c8                zz_app_htask
 .bss.relay_on  0xffffffff825196cc        0x1 /cygdrive/d/work_proj/soft/build/sl_app/app/lib/libapp_release.a(zz_app_htask.o)
 *fill*         0xffffffff825196cd        0x3 00
 .bss.relay_def
                0xffffffff825196d0        0x4 /cygdrive/d/work_proj/soft/build/sl_app/app/lib/libapp_release.a(zz_app_htask.o)
 .bss.app_ltask
                0xffffffff825196d4        0x4 /cygdrive/d/work_proj/soft/build/sl_app/app/lib/libapp_release.a(zz_app_ltask.o)
 .bss.zz_app_mtask
                0xffffffff825196d8        0x4 /cygdrive/d/work_proj/soft/build/sl_app/app/lib/libapp_release.a(zz_app_mtask.o)
                0xffffffff825196d8                zz_app_mtask
 .bss.req       0xffffffff825196dc        0x4 /cygdrive/d/work_proj/soft/build/sl_app/app/lib/libapp_release.a(zz_app_mtask.o)
 .bss.zz_seq    0xffffffff825196e0       0x18 /cygdrive/d/work_proj/soft/build/sl_app/app/lib/libapp_release.a(zz_app_mtask.o)
 .bss.body_len.4194
                0xffffffff825196f8        0x4 /cygdrive/d/work_proj/soft/build/sl_app/app/lib/libapp_release.a(zz_app_mtask.o)
 .bss.ds_timer_pi
                0xffffffff825196fc        0xc /cygdrive/d/work_proj/soft/build/sl_app/app/lib/libapp_release.a(zz_app_mtask.o)
 .bss.wsock_timer_pi
                0xffffffff82519708        0xc /cygdrive/d/work_proj/soft/build/sl_app/app/lib/libapp_release.a(zz_app_mtask.o)
 .bss.login_timer_pi
                0xffffffff82519714        0xc /cygdrive/d/work_proj/soft/build/sl_app/app/lib/libapp_release.a(zz_app_mtask.o)
 .bss.zz_device
                0xffffffff82519720       0xa8 /cygdrive/d/work_proj/soft/build/sl_app/app/lib/libapp_release.a(zz_app_mtask.o)
 .bss.http_req_lock
                0xffffffff825197c8        0x8 /cygdrive/d/work_proj/soft/build/sl_app/app/lib/libapp_release.a(zz_http_req.o)
 .bss.http_req_task
                0xffffffff825197d0        0x4 /cygdrive/d/work_proj/soft/build/sl_app/app/lib/libapp_release.a(zz_http_req.o)
 .bss.http_req_list
                0xffffffff825197d4       0x10 /cygdrive/d/work_proj/soft/build/sl_app/app/lib/libapp_release.a(zz_http_req.o)
 .bss.zz_recv_buf.5033
                0xffffffff825197e4      0x804 /cygdrive/d/work_proj/soft/build/sl_app/app/lib/libapp_release.a(zz_http_req.o)
 .bss.keys_dev  0xffffffff82519fe8       0x20 /cygdrive/d/work_proj/soft/build/sl_app/app/lib/libapp_release.a(zz_key.o)
 .bss.keys_ctl  0xffffffff8251a008        0xc /cygdrive/d/work_proj/soft/build/sl_app/app/lib/libapp_release.a(zz_key.o)
 .bss.sled_indicator
                0xffffffff8251a014        0x1 /cygdrive/d/work_proj/soft/build/sl_app/app/lib/libapp_release.a(iotgo_sled.o)
 *fill*         0xffffffff8251a015        0x3 00
 .bss.status_100ms_counter.3743
                0xffffffff8251a018        0x4 /cygdrive/d/work_proj/soft/build/sl_app/app/lib/libapp_release.a(iotgo_sled.o)
 *(COMMON)
 COMMON         0xffffffff8251a01c      0x106 /cygdrive/d/work_proj/soft/build/sl_app/app/lib/libapp_release.a(zz_at_cmd.o)
                0xffffffff8251a01c                FifoBuffer
 *(.rambss)
                0xffffffff8251a130                . = ALIGN (0x10)
 *fill*         0xffffffff8251a122        0xe 00
                0xffffffff8251a130                _ram_bss_end = .
                0x0000000000002080                _ram_bss_size = (_ram_bss_end - _ram_bss_start)
                0xffffffff825a0800                _ram_top = 0xffffffff825a0800
                0x00000000000866d0                _heap_size = (_ram_top - _ram_bss_end)
                0xffffffff8251a130                _heap_start = _ram_bss_end
                0xffffffff825a0800                _heap_end = (_ram_bss_end + _heap_size)
                0x0000000000000001                ASSERT ((ABSOLUTE (_ram_top) > ABSOLUTE (_ram_bss_end)), APP External RAM overflow !)
START GROUP
LOAD /cygdrive/d/work_proj/soft/build/sl_app/app/lib/libapp_release.a
END GROUP
LOAD /crosscompiler/bin/../lib/gcc/mips-elf/4.4.2/libgcc.a
OUTPUT(/cygdrive/d/work_proj/soft/build/sl_app/8809/sl_app_st86_20170508_release.elf elf32-littlemips)

.reginfo        0x0000000000000000       0x18
 .reginfo       0x0000000000000000       0x18 /cygdrive/d/work_proj/soft/build/sl_app/app/lib/libapp_release.a(zz_main.o)

.mdebug.abi32   0x0000000000000000        0x0
 .mdebug.abi32  0x0000000000000000        0x0 /cygdrive/d/work_proj/soft/build/sl_app/app/lib/libapp_release.a(zz_main.o)
 .mdebug.abi32  0x0000000000000000        0x0 /cygdrive/d/work_proj/soft/build/sl_app/app/lib/libapp_release.a(zz_net.o)
 .mdebug.abi32  0x0000000000000000        0x0 /cygdrive/d/work_proj/soft/build/sl_app/app/lib/libapp_release.a(zz_stream.o)
 .mdebug.abi32  0x0000000000000000        0x0 /cygdrive/d/work_proj/soft/build/sl_app/app/lib/libapp_release.a(zz_timer.o)
 .mdebug.abi32  0x0000000000000000        0x0 /cygdrive/d/work_proj/soft/build/sl_app/app/lib/libapp_release.a(zz_util.o)
 .mdebug.abi32  0x0000000000000000        0x0 /cygdrive/d/work_proj/soft/build/sl_app/app/lib/libapp_release.a(zz_wsock.o)
 .mdebug.abi32  0x0000000000000000        0x0 /cygdrive/d/work_proj/soft/build/sl_app/app/lib/libapp_release.a(cJSON.o)
 .mdebug.abi32  0x0000000000000000        0x0 /cygdrive/d/work_proj/soft/build/sl_app/app/lib/libapp_release.a(iotgo_factory.o)
 .mdebug.abi32  0x0000000000000000        0x0 /cygdrive/d/work_proj/soft/build/sl_app/app/lib/libapp_release.a(iotgo_upgrade.o)
 .mdebug.abi32  0x0000000000000000        0x0 /cygdrive/d/work_proj/soft/build/sl_app/app/lib/libapp_release.a(sha256.o)
 .mdebug.abi32  0x0000000000000000        0x0 /cygdrive/d/work_proj/soft/build/sl_app/app/lib/libapp_release.a(sl_app.o)
 .mdebug.abi32  0x0000000000000000        0x0 /cygdrive/d/work_proj/soft/build/sl_app/app/lib/libapp_release.a(zz_app_htask.o)
 .mdebug.abi32  0x0000000000000000        0x0 /cygdrive/d/work_proj/soft/build/sl_app/app/lib/libapp_release.a(zz_app_ltask.o)
 .mdebug.abi32  0x0000000000000000        0x0 /cygdrive/d/work_proj/soft/build/sl_app/app/lib/libapp_release.a(zz_app_mtask.o)
 .mdebug.abi32  0x0000000000000000        0x0 /cygdrive/d/work_proj/soft/build/sl_app/app/lib/libapp_release.a(zz_at_cmd.o)
 .mdebug.abi32  0x0000000000000000        0x0 /cygdrive/d/work_proj/soft/build/sl_app/app/lib/libapp_release.a(zz_data.o)
 .mdebug.abi32  0x0000000000000000        0x0 /cygdrive/d/work_proj/soft/build/sl_app/app/lib/libapp_release.a(zz_event.o)
 .mdebug.abi32  0x0000000000000000        0x0 /cygdrive/d/work_proj/soft/build/sl_app/app/lib/libapp_release.a(zz_http_req.o)
 .mdebug.abi32  0x0000000000000000        0x0 /cygdrive/d/work_proj/soft/build/sl_app/app/lib/libapp_release.a(zz_key.o)
 .mdebug.abi32  0x0000000000000000        0x0 /cygdrive/d/work_proj/soft/build/sl_app/app/lib/libapp_release.a(zz_lock.o)
 .mdebug.abi32  0x0000000000000000        0x0 /cygdrive/d/work_proj/soft/build/sl_app/app/lib/libapp_release.a(zz_type.o)
 .mdebug.abi32  0x0000000000000000        0x0 /cygdrive/d/work_proj/soft/build/sl_app/app/lib/libapp_release.a(iotgo_sled.o)
 .mdebug.abi32  0x0000000000000000        0x0 /crosscompiler/bin/../lib/gcc/mips-elf/4.4.2/libgcc.a(_fixunsdfsi.o)
 .mdebug.abi32  0x0000000000000000        0x0 /crosscompiler/bin/../lib/gcc/mips-elf/4.4.2/libgcc.a(_mul_sf.o)
 .mdebug.abi32  0x0000000000000000        0x0 /crosscompiler/bin/../lib/gcc/mips-elf/4.4.2/libgcc.a(_sf_to_df.o)
 .mdebug.abi32  0x0000000000000000        0x0 /crosscompiler/bin/../lib/gcc/mips-elf/4.4.2/libgcc.a(_thenan_sf.o)
 .mdebug.abi32  0x0000000000000000        0x0 /crosscompiler/bin/../lib/gcc/mips-elf/4.4.2/libgcc.a(_usi_to_sf.o)
 .mdebug.abi32  0x0000000000000000        0x0 /crosscompiler/bin/../lib/gcc/mips-elf/4.4.2/libgcc.a(_addsub_df.o)
 .mdebug.abi32  0x0000000000000000        0x0 /crosscompiler/bin/../lib/gcc/mips-elf/4.4.2/libgcc.a(_mul_df.o)
 .mdebug.abi32  0x0000000000000000        0x0 /crosscompiler/bin/../lib/gcc/mips-elf/4.4.2/libgcc.a(_div_df.o)
 .mdebug.abi32  0x0000000000000000        0x0 /crosscompiler/bin/../lib/gcc/mips-elf/4.4.2/libgcc.a(_ge_df.o)
 .mdebug.abi32  0x0000000000000000        0x0 /crosscompiler/bin/../lib/gcc/mips-elf/4.4.2/libgcc.a(_lt_df.o)
 .mdebug.abi32  0x0000000000000000        0x0 /crosscompiler/bin/../lib/gcc/mips-elf/4.4.2/libgcc.a(_si_to_df.o)
 .mdebug.abi32  0x0000000000000000        0x0 /crosscompiler/bin/../lib/gcc/mips-elf/4.4.2/libgcc.a(_df_to_si.o)
 .mdebug.abi32  0x0000000000000000        0x0 /crosscompiler/bin/../lib/gcc/mips-elf/4.4.2/libgcc.a(_make_df.o)
 .mdebug.abi32  0x0000000000000000        0x0 /crosscompiler/bin/../lib/gcc/mips-elf/4.4.2/libgcc.a(_thenan_df.o)
 .mdebug.abi32  0x0000000000000000        0x0 /crosscompiler/bin/../lib/gcc/mips-elf/4.4.2/libgcc.a(_usi_to_df.o)
 .mdebug.abi32  0x0000000000000000        0x0 /crosscompiler/bin/../lib/gcc/mips-elf/4.4.2/libgcc.a(_lshrdi3.o)
 .mdebug.abi32  0x0000000000000000        0x0 /crosscompiler/bin/../lib/gcc/mips-elf/4.4.2/libgcc.a(_ashldi3.o)
 .mdebug.abi32  0x0000000000000000        0x0 /crosscompiler/bin/../lib/gcc/mips-elf/4.4.2/libgcc.a(_ucmpdi2.o)
 .mdebug.abi32  0x0000000000000000        0x0 /crosscompiler/bin/../lib/gcc/mips-elf/4.4.2/libgcc.a(_clzsi2.o)
 .mdebug.abi32  0x0000000000000000        0x0 /crosscompiler/bin/../lib/gcc/mips-elf/4.4.2/libgcc.a(_pack_sf.o)
 .mdebug.abi32  0x0000000000000000        0x0 /crosscompiler/bin/../lib/gcc/mips-elf/4.4.2/libgcc.a(_unpack_sf.o)
 .mdebug.abi32  0x0000000000000000        0x0 /crosscompiler/bin/../lib/gcc/mips-elf/4.4.2/libgcc.a(_pack_df.o)
 .mdebug.abi32  0x0000000000000000        0x0 /crosscompiler/bin/../lib/gcc/mips-elf/4.4.2/libgcc.a(_unpack_df.o)
 .mdebug.abi32  0x0000000000000000        0x0 /crosscompiler/bin/../lib/gcc/mips-elf/4.4.2/libgcc.a(_fpcmp_parts_df.o)